Archive member included to satisfy reference by file (symbol)

C:/nxp/MCUXpressoIDE_25.6.136/ide/plugins/com.nxp.mcuxpresso.tools.win32_25.6.0.202501151204/tools/bin/../lib/gcc/arm-none-eabi/14.2.1/../../../../arm-none-eabi/lib/thumb/v8-m.main+fp/hard\libcr_nohost_nf.a(_cr__main.o)
                              ./startup/startup_mcxn947_cm33_core0.o (__main)
C:/nxp/MCUXpressoIDE_25.6.136/ide/plugins/com.nxp.mcuxpresso.tools.win32_25.6.0.202501151204/tools/bin/../lib/gcc/arm-none-eabi/14.2.1/../../../../arm-none-eabi/lib/thumb/v8-m.main+fp/hard\libcr_c.a(memcpy.o)
                              ./utilities/str/fsl_str.o (memcpy)
C:/nxp/MCUXpressoIDE_25.6.136/ide/plugins/com.nxp.mcuxpresso.tools.win32_25.6.0.202501151204/tools/bin/../lib/gcc/arm-none-eabi/14.2.1/../../../../arm-none-eabi/lib/thumb/v8-m.main+fp/hard\libcr_c.a(memset.o)
                              ./utilities/debug_console/fsl_debug_console.o (memset)
C:/nxp/MCUXpressoIDE_25.6.136/ide/plugins/com.nxp.mcuxpresso.tools.win32_25.6.0.202501151204/tools/bin/../lib/gcc/arm-none-eabi/14.2.1/../../../../arm-none-eabi/lib/thumb/v8-m.main+fp/hard\libcr_c.a(alloc.o)
                              ./drivers/fsl_common.o (malloc)
C:/nxp/MCUXpressoIDE_25.6.136/ide/plugins/com.nxp.mcuxpresso.tools.win32_25.6.0.202501151204/tools/bin/../lib/gcc/arm-none-eabi/14.2.1/../../../../arm-none-eabi/lib/thumb/v8-m.main+fp/hard\libcr_c.a(errno.o)
                              ./utilities/str/fsl_str.o (errno)
C:/nxp/MCUXpressoIDE_25.6.136/ide/plugins/com.nxp.mcuxpresso.tools.win32_25.6.0.202501151204/tools/bin/../lib/gcc/arm-none-eabi/14.2.1/../../../../arm-none-eabi/lib/thumb/v8-m.main+fp/hard\libcr_c.a(initio.o)
                              C:/nxp/MCUXpressoIDE_25.6.136/ide/plugins/com.nxp.mcuxpresso.tools.win32_25.6.0.202501151204/tools/bin/../lib/gcc/arm-none-eabi/14.2.1/../../../../arm-none-eabi/lib/thumb/v8-m.main+fp/hard\libcr_nohost_nf.a(_cr__main.o) (_initio)
C:/nxp/MCUXpressoIDE_25.6.136/ide/plugins/com.nxp.mcuxpresso.tools.win32_25.6.0.202501151204/tools/bin/../lib/gcc/arm-none-eabi/14.2.1/../../../../arm-none-eabi/lib/thumb/v8-m.main+fp/hard\libcr_c.a(scanf.o)
                              ./utilities/str/fsl_str.o (strtoul)
C:/nxp/MCUXpressoIDE_25.6.136/ide/plugins/com.nxp.mcuxpresso.tools.win32_25.6.0.202501151204/tools/bin/../lib/gcc/arm-none-eabi/14.2.1/../../../../arm-none-eabi/lib/thumb/v8-m.main+fp/hard\libcr_c.a(setvbuf.o)
                              C:/nxp/MCUXpressoIDE_25.6.136/ide/plugins/com.nxp.mcuxpresso.tools.win32_25.6.0.202501151204/tools/bin/../lib/gcc/arm-none-eabi/14.2.1/../../../../arm-none-eabi/lib/thumb/v8-m.main+fp/hard\libcr_c.a(initio.o) (setvbuf)
C:/nxp/MCUXpressoIDE_25.6.136/ide/plugins/com.nxp.mcuxpresso.tools.win32_25.6.0.202501151204/tools/bin/../lib/gcc/arm-none-eabi/14.2.1/../../../../arm-none-eabi/lib/thumb/v8-m.main+fp/hard\libcr_c.a(strlen.o)
                              ./utilities/str/fsl_str.o (strlen)
C:/nxp/MCUXpressoIDE_25.6.136/ide/plugins/com.nxp.mcuxpresso.tools.win32_25.6.0.202501151204/tools/bin/../lib/gcc/arm-none-eabi/14.2.1/../../../../arm-none-eabi/lib/thumb/v8-m.main+fp/hard\libcr_c.a(ungetc.o)
                              C:/nxp/MCUXpressoIDE_25.6.136/ide/plugins/com.nxp.mcuxpresso.tools.win32_25.6.0.202501151204/tools/bin/../lib/gcc/arm-none-eabi/14.2.1/../../../../arm-none-eabi/lib/thumb/v8-m.main+fp/hard\libcr_c.a(scanf.o) (ungetc)
C:/nxp/MCUXpressoIDE_25.6.136/ide/plugins/com.nxp.mcuxpresso.tools.win32_25.6.0.202501151204/tools/bin/../lib/gcc/arm-none-eabi/14.2.1/../../../../arm-none-eabi/lib/thumb/v8-m.main+fp/hard\libcr_c.a(__fillbuf.o)
                              C:/nxp/MCUXpressoIDE_25.6.136/ide/plugins/com.nxp.mcuxpresso.tools.win32_25.6.0.202501151204/tools/bin/../lib/gcc/arm-none-eabi/14.2.1/../../../../arm-none-eabi/lib/thumb/v8-m.main+fp/hard\libcr_c.a(scanf.o) (__filbuf)
C:/nxp/MCUXpressoIDE_25.6.136/ide/plugins/com.nxp.mcuxpresso.tools.win32_25.6.0.202501151204/tools/bin/../lib/gcc/arm-none-eabi/14.2.1/../../../../arm-none-eabi/lib/thumb/v8-m.main+fp/hard\libcr_c.a(__init_alloc.o)
                              C:/nxp/MCUXpressoIDE_25.6.136/ide/plugins/com.nxp.mcuxpresso.tools.win32_25.6.0.202501151204/tools/bin/../lib/gcc/arm-none-eabi/14.2.1/../../../../arm-none-eabi/lib/thumb/v8-m.main+fp/hard\libcr_c.a(alloc.o) (__heaps)
C:/nxp/MCUXpressoIDE_25.6.136/ide/plugins/com.nxp.mcuxpresso.tools.win32_25.6.0.202501151204/tools/bin/../lib/gcc/arm-none-eabi/14.2.1/../../../../arm-none-eabi/lib/thumb/v8-m.main+fp/hard\libcr_c.a(_cr_sbrk.o)
                              C:/nxp/MCUXpressoIDE_25.6.136/ide/plugins/com.nxp.mcuxpresso.tools.win32_25.6.0.202501151204/tools/bin/../lib/gcc/arm-none-eabi/14.2.1/../../../../arm-none-eabi/lib/thumb/v8-m.main+fp/hard\libcr_c.a(alloc.o) (_sbrk)
[...]
Memory Configuration

Name             Origin             Length             Attributes
PROGRAM_FLASH0   0x00000000         0x00100000         xr
PROGRAM_FLASH1   0x00100000         0x00100000         xr
SRAM             0x20000000         0x00060000         xrw
SRAMX            0x04000000         0x00018000         xrw
SRAMH            0x20060000         0x00008000         xrw
USB_RAM          0x400ba000         0x00001000         xrw
*default*        0x00000000         0xffffffff

Linker script and memory map

LOAD ./utilities/str/fsl_str.o
LOAD ./utilities/debug_console/fsl_debug_console.o
LOAD ./utilities/fsl_assert.o
LOAD ./startup/boot_multicore_slave.o
LOAD ./startup/startup_mcxn947_cm33_core0.o
LOAD ./source/New_OSEK.o
LOAD ./source/os.o
LOAD ./source/semihost_hardfault.o
LOAD ./drivers/fsl_clock.o
LOAD ./drivers/fsl_common.o
LOAD ./drivers/fsl_common_arm.o
LOAD ./drivers/fsl_ctimer.o
LOAD ./drivers/fsl_gpio.o
LOAD ./drivers/fsl_inputmux.o
LOAD ./drivers/fsl_lpflexcomm.o
LOAD ./drivers/fsl_lpi2c.o
LOAD ./drivers/fsl_lpspi.o
LOAD ./drivers/fsl_lpuart.o
LOAD ./drivers/fsl_reset.o
LOAD ./drivers/fsl_spc.o
LOAD ./device/system_MCXN947_cm33_core0.o
LOAD ./component/uart/fsl_adapter_lpuart.o
LOAD ./component/serial_manager/fsl_component_serial_manager.o
LOAD ./component/serial_manager/fsl_component_serial_port_uart.o
LOAD ./component/lists/fsl_component_generic_list.o
LOAD ./board/board.o
LOAD ./board/clock_config.o
LOAD ./board/peripherals.o
LOAD ./board/pin_mux.o
START GROUP
LOAD C:/nxp/MCUXpressoIDE_25.6.136/ide/plugins/com.nxp.mcuxpresso.tools.win32_25.6.0.202501151204/tools/bin/../lib/gcc/arm-none-eabi/14.2.1/../../../../arm-none-eabi/lib/thumb/v8-m.main+fp/hard\libcr_nohost_nf.a
LOAD C:/nxp/MCUXpressoIDE_25.6.136/ide/plugins/com.nxp.mcuxpresso.tools.win32_25.6.0.202501151204/tools/bin/../lib/gcc/arm-none-eabi/14.2.1/../../../../arm-none-eabi/lib/thumb/v8-m.main+fp/hard\libcr_c.a
LOAD C:/nxp/MCUXpressoIDE_25.6.136/ide/plugins/com.nxp.mcuxpresso.tools.win32_25.6.0.202501151204/tools/bin/../lib/gcc/arm-none-eabi/14.2.1/thumb/v8-m.main+fp/hard\libcr_eabihelpers.a
LOAD C:/nxp/MCUXpressoIDE_25.6.136/ide/plugins/com.nxp.mcuxpresso.tools.win32_25.6.0.202501151204/tools/bin/../lib/gcc/arm-none-eabi/14.2.1/thumb/v8-m.main+fp/hard\libgcc.a
END GROUP
                0x00000000                        __base_PROGRAM_FLASH0 = 0x0
                0x00000000                        __base_Flash = 0x0
                0x00100000                        __top_PROGRAM_FLASH0 = 0x100000
                0x00100000                        __top_Flash = 0x100000
                0x00100000                        __base_PROGRAM_FLASH1 = 0x100000
                0x00100000                        __base_Flash2 = 0x100000
                0x00200000                        __top_PROGRAM_FLASH1 = 0x200000
                0x00200000                        __top_Flash2 = 0x200000
                0x20000000                        __base_SRAM = 0x20000000
                0x20000000                        __base_RAM = 0x20000000
                0x20060000                        __top_SRAM = 0x20060000
                0x20060000                        __top_RAM = 0x20060000
                0x04000000                        __base_SRAMX = 0x4000000
                0x04000000                        __base_RAM2 = 0x4000000
                0x04018000                        __top_SRAMX = 0x4018000
                0x04018000                        __top_RAM2 = 0x4018000
                0x20060000                        __base_SRAMH = 0x20060000
                0x20060000                        __base_RAM3 = 0x20060000
                0x20068000                        __top_SRAMH = 0x20068000
                0x20068000                        __top_RAM3 = 0x20068000
                0x400ba000                        __base_USB_RAM = 0x400ba000
                0x400ba000                        __base_RAM4 = 0x400ba000
                0x400bb000                        __top_USB_RAM = 0x400bb000
                0x400bb000                        __top_RAM4 = 0x400bb000

.text_Flash2    0x00100000        0x0
 FILL mask 0xff
 *(SORT_BY_ALIGNMENT(.text_Flash2))
 *(SORT_BY_ALIGNMENT(.text_PROGRAM_FLASH1))
 *(SORT_BY_ALIGNMENT(.text.$Flash2))
 *(SORT_BY_ALIGNMENT(.text.$PROGRAM_FLASH1))
 *(SORT_BY_ALIGNMENT(.text_Flash2.*))
 *(SORT_BY_ALIGNMENT(.text_PROGRAM_FLASH1.*))
 *(SORT_BY_ALIGNMENT(.text.$Flash2.*))
 *(SORT_BY_ALIGNMENT(.text.$PROGRAM_FLASH1.*))
 *(SORT_BY_ALIGNMENT(.rodata.$Flash2))
 *(SORT_BY_ALIGNMENT(.rodata.$PROGRAM_FLASH1))
 *(SORT_BY_ALIGNMENT(.rodata.$Flash2.*))
 *(SORT_BY_ALIGNMENT(.rodata.$PROGRAM_FLASH1.*))

.text           0x00000000     0x5210
 FILL mask 0xff
                0x00000000                        __vectors_start__ = ABSOLUTE (.)
 *(SORT_BY_ALIGNMENT(.isr_vector))
 .isr_vector    0x00000000      0x2b0 ./startup/startup_mcxn947_cm33_core0.o
                0x00000000                g_pfnVectors
                0x00000000                __Vectors
                0x000002b0                        . = ALIGN (0x4)
                0x000002b0                        __section_table_start = .
                0x000002b0                        __data_section_table = .
                0x000002b0        0x4 LONG 0x5210 LOADADDR (.data)
                0x000002b4        0x4 LONG 0x20000000 ADDR (.data)
                0x000002b8        0x4 LONG 0x14 SIZEOF (.data)
                0x000002bc        0x4 LONG 0x5210 LOADADDR (.data_RAM2)
                0x000002c0        0x4 LONG 0x4000000 ADDR (.data_RAM2)
                0x000002c4        0x4 LONG 0x0 SIZEOF (.data_RAM2)
                0x000002c8        0x4 LONG 0x5210 LOADADDR (.data_RAM3)
                0x000002cc        0x4 LONG 0x20060000 ADDR (.data_RAM3)
                0x000002d0        0x4 LONG 0x0 SIZEOF (.data_RAM3)
                0x000002d4        0x4 LONG 0x5210 LOADADDR (.data_RAM4)
                0x000002d8        0x4 LONG 0x400ba000 ADDR (.data_RAM4)
                0x000002dc        0x4 LONG 0x0 SIZEOF (.data_RAM4)
                0x000002e0                        __data_section_table_end = .
                0x000002e0                        __bss_section_table = .
                0x000002e0        0x4 LONG 0x20000014 ADDR (.bss)
                0x000002e4        0x4 LONG 0x2f4 SIZEOF (.bss)
                0x000002e8        0x4 LONG 0x4000000 ADDR (.bss_RAM2)
                0x000002ec        0x4 LONG 0x0 SIZEOF (.bss_RAM2)
                0x000002f0        0x4 LONG 0x20060000 ADDR (.bss_RAM3)
                0x000002f4        0x4 LONG 0x0 SIZEOF (.bss_RAM3)
                0x000002f8        0x4 LONG 0x400ba000 ADDR (.bss_RAM4)
                0x000002fc        0x4 LONG 0x0 SIZEOF (.bss_RAM4)
                0x00000300                        __bss_section_table_end = .
                0x00000300                        __section_table_end = .
 *(SORT_BY_ALIGNMENT(.after_vectors*))
 .after_vectors.reset
                0x00000300       0x68 ./startup/startup_mcxn947_cm33_core0.o
                0x00000300                ResetISR
 .after_vectors.init_data
                0x00000368       0x1e ./startup/startup_mcxn947_cm33_core0.o
                0x00000368                data_init
 .after_vectors.init_bss
                0x00000386       0x12 ./startup/startup_mcxn947_cm33_core0.o
                0x00000386                bss_init
 .after_vectors
                0x00000398       0x16 ./startup/startup_mcxn947_cm33_core0.o
                0x00000398                NMI_Handler
                0x0000039c                MemManage_Handler
                0x0000039e                BusFault_Handler
                0x000003a0                UsageFault_Handler
                0x000003a2                SecureFault_Handler
                0x000003a4                SVC_Handler
                0x000003a6                DebugMon_Handler
                0x000003a8                PendSV_Handler
                0x000003ac                USB0_FS_DriverIRQHandler
                0x000003ac                PKC_ERR_DriverIRQHandler
                0x000003ac                QDC1_HOME_DriverIRQHandler
                0x000003ac                EDMA_0_CH5_DriverIRQHandler
                0x000003ac                EDMA_0_CH14_DriverIRQHandler
                0x000003ac                EDMA_1_CH0_DriverIRQHandler
                0x000003ac                EMVSIM0_DriverIRQHandler
                0x000003ac                CMC0_DriverIRQHandler
                0x000003ac                EDMA_0_CH15_DriverIRQHandler
                0x000003ac                LPTMR0_DriverIRQHandler
                0x000003ac                EDMA_0_CH2_DriverIRQHandler
                0x000003ac                FLEXPWM1_SUBMODULE1_DriverIRQHandler
                0x000003ac                FLEXPWM0_SUBMODULE1_DriverIRQHandler
                0x000003ac                I3C0_DriverIRQHandler
                0x000003ac                SCG_DriverIRQHandler
                0x000003ac                EDMA_1_CH11_DriverIRQHandler
                0x000003ac                FLEXPWM0_RELOAD_ERROR_DriverIRQHandler
                0x000003ac                QDC0_HOME_DriverIRQHandler
                0x000003ac                Reserved167_DriverIRQHandler
                0x000003ac                EDMA_1_CH9_DriverIRQHandler
                0x000003ac                SEC_VIO_DriverIRQHandler
                0x000003ac                ERM_MULTI_BIT_ERROR_DriverIRQHandler
                0x000003ac                GPIO31_DriverIRQHandler
                0x000003ac                EWM0_DriverIRQHandler
                0x000003ac                PKC_DriverIRQHandler
                0x000003ac                EDMA_0_CH10_DriverIRQHandler
                0x000003ac                USB1_HS_PHY_DriverIRQHandler
                0x000003ac                QDC0_IDX_DriverIRQHandler
                0x000003ac                ELS_DriverIRQHandler
                0x000003ac                Reserved166_DriverIRQHandler
                0x000003ac                EDMA_1_CH2_DriverIRQHandler
                0x000003ac                ETHERNET_DriverIRQHandler
                0x000003ac                QDC1_IDX_DriverIRQHandler
                0x000003ac                EDMA_1_CH14_DriverIRQHandler
                0x000003ac                FLEXPWM1_SUBMODULE3_DriverIRQHandler
                0x000003ac                EDMA_1_CH7_DriverIRQHandler
                0x000003ac                EDMA_1_CH6_DriverIRQHandler
                0x000003ac                DAC1_DriverIRQHandler
                0x000003ac                WWDT1_DriverIRQHandler
                0x000003ac                ITRC0_DriverIRQHandler
                0x000003ac                EDMA_0_CH9_DriverIRQHandler
                0x000003ac                ETB0_DriverIRQHandler
                0x000003ac                Freqme_DriverIRQHandler
                0x000003ac                Reserved80_DriverIRQHandler
                0x000003ac                IntDefaultHandler
                0x000003ac                ELS_ERR_DriverIRQHandler
                0x000003ac                FLEXIO_DriverIRQHandler
                0x000003ac                DAC0_DriverIRQHandler
                0x000003ac                MRT0_DriverIRQHandler
                0x000003ac                UTICK0_DriverIRQHandler
                0x000003ac                FLEXPWM0_SUBMODULE2_DriverIRQHandler
                0x000003ac                GPIO01_DriverIRQHandler
                0x000003ac                EDMA_0_CH3_DriverIRQHandler
                0x000003ac                WWDT0_DriverIRQHandler
                0x000003ac                USDHC0_DriverIRQHandler
                0x000003ac                GPIO00_DriverIRQHandler
                0x000003ac                EDMA_0_CH4_DriverIRQHandler
                0x000003ac                GPIO11_DriverIRQHandler
                0x000003ac                BSP32_DriverIRQHandler
                0x000003ac                FLEXPWM0_FAULT_DriverIRQHandler
                0x000003ac                PINT0_DriverIRQHandler
                0x000003ac                SAI1_DriverIRQHandler
                0x000003ac                ERM_SINGLE_BIT_ERROR_DriverIRQHandler
                0x000003ac                GPIO21_DriverIRQHandler
                0x000003ac                FLEXPWM1_FAULT_DriverIRQHandler
                0x000003ac                GPIO30_DriverIRQHandler
                0x000003ac                QDC0_COMPARE_DriverIRQHandler
                0x000003ac                HSCMP1_DriverIRQHandler
                0x000003ac                ADC1_DriverIRQHandler
                0x000003ac                PQ_DriverIRQHandler
                0x000003ac                ETHERNET_MACLP_DriverIRQHandler
                0x000003ac                USB0_DCD_DriverIRQHandler
                0x000003ac                EDMA_0_CH11_DriverIRQHandler
                0x000003ac                MAILBOX_DriverIRQHandler
                0x000003ac                WUU_DriverIRQHandler
                0x000003ac                EDMA_0_CH6_DriverIRQHandler
                0x000003ac                FLEXPWM1_SUBMODULE0_DriverIRQHandler
                0x000003ac                CDOG1_DriverIRQHandler
                0x000003ac                TSI_OUT_OF_SCAN_DriverIRQHandler
                0x000003ac                EDMA_1_CH4_DriverIRQHandler
                0x000003ac                PUF_DriverIRQHandler
                0x000003ac                SPC_DriverIRQHandler
                0x000003ac                RTC_DriverIRQHandler
                0x000003ac                VBAT0_DriverIRQHandler
                0x000003ac                Reserved65_DriverIRQHandler
                0x000003ac                HSCMP2_DriverIRQHandler
                0x000003ac                EDMA_0_CH0_DriverIRQHandler
                0x000003ac                EDMA_1_CH5_DriverIRQHandler
                0x000003ac                PDM_EVENT_DriverIRQHandler
                0x000003ac                EDMA_1_CH13_DriverIRQHandler
                0x000003ac                ETHERNET_PMT_DriverIRQHandler
                0x000003ac                FLEXPWM1_RELOAD_ERROR_DriverIRQHandler
                0x000003ac                FMU0_DriverIRQHandler
                0x000003ac                QDC1_COMPARE_DriverIRQHandler
                0x000003ac                EDMA_0_CH8_DriverIRQHandler
                0x000003ac                LPTMR1_DriverIRQHandler
                0x000003ac                GPIO40_DriverIRQHandler
                0x000003ac                CTI0_DriverIRQHandler
                0x000003ac                EDMA_1_CH3_DriverIRQHandler
                0x000003ac                EDMA_1_CH15_DriverIRQHandler
                0x000003ac                FLEXPWM1_SUBMODULE2_DriverIRQHandler
                0x000003ac                GPIO20_DriverIRQHandler
                0x000003ac                QDC1_WDG_SAB_DriverIRQHandler
                0x000003ac                EDMA_1_CH8_DriverIRQHandler
                0x000003ac                GDET_DriverIRQHandler
                0x000003ac                PORT_EFT_DriverIRQHandler
                0x000003ac                Reserved85_DriverIRQHandler
                0x000003ac                Reserved81_DriverIRQHandler
                0x000003ac                TSI_END_OF_SCAN_DriverIRQHandler
                0x000003ac                FLEXPWM0_SUBMODULE3_DriverIRQHandler
                0x000003ac                ADC0_DriverIRQHandler
                0x000003ac                OR_DriverIRQHandler
                0x000003ac                EDMA_0_CH13_DriverIRQHandler
                0x000003ac                USB1_HS_DriverIRQHandler
                0x000003ac                EDMA_0_CH1_DriverIRQHandler
                0x000003ac                DAC2_DriverIRQHandler
                0x000003ac                GPIO51_DriverIRQHandler
                0x000003ac                HSCMP0_DriverIRQHandler
                0x000003ac                EDMA_0_CH12_DriverIRQHandler
                0x000003ac                QDC0_WDG_SAB_DriverIRQHandler
                0x000003ac                CDOG0_DriverIRQHandler
                0x000003ac                CAN0_DriverIRQHandler
                0x000003ac                SMARTDMA_DriverIRQHandler
                0x000003ac                SAI0_DriverIRQHandler
                0x000003ac                EMVSIM1_DriverIRQHandler
                0x000003ac                I3C1_DriverIRQHandler
                0x000003ac                EDMA_0_CH7_DriverIRQHandler
                0x000003ac                EDMA_1_CH1_DriverIRQHandler
                0x000003ac                EDMA_1_CH10_DriverIRQHandler
                0x000003ac                EDMA_1_CH12_DriverIRQHandler
                0x000003ac                FLEXSPI0_DriverIRQHandler
                0x000003ac                GPIO50_DriverIRQHandler
                0x000003ac                GPIO10_DriverIRQHandler
                0x000003ac                SCT0_DriverIRQHandler
                0x000003ac                CAN1_DriverIRQHandler
                0x000003ac                PLU_DriverIRQHandler
                0x000003ac                FLEXPWM0_SUBMODULE0_DriverIRQHandler
                0x000003ac                OS_EVENT_DriverIRQHandler
                0x000003ac                SINC_FILTER_DriverIRQHandler
                0x000003ac                NPU_DriverIRQHandler
                0x000003ac                GPIO41_DriverIRQHandler
                0x000003ac                SEC_HYPERVISOR_CALL_DriverIRQHandler
 *(SORT_BY_ALIGNMENT(.text*))
 *fill*         0x000003ae        0x2 ff
 .text.DbgConsole_SendDataReliable
                0x000003b0       0x54 ./utilities/debug_console/fsl_debug_console.o
                0x000003b0                DbgConsole_SendDataReliable
 .text.DbgConsole_Init
                0x00000404      0x138 ./utilities/debug_console/fsl_debug_console.o
                0x00000404                DbgConsole_Init
 .text.DbgConsole_Vprintf
                0x0000053c       0x68 ./utilities/debug_console/fsl_debug_console.o
                0x0000053c                DbgConsole_Vprintf
 .text.__assertion_failed
                0x000005a4       0x3c ./utilities/fsl_assert.o
                0x000005a4                __assertion_failed
 .text.__NVIC_EnableIRQ
                0x000005e0       0x3c ./source/New_OSEK.o
 .text.__NVIC_SetPriority
                0x0000061c       0x54 ./source/New_OSEK.o
 .text.SysTick_Config
                0x00000670       0x44 ./source/New_OSEK.o
 .text.delay    0x000006b4       0x1c ./source/New_OSEK.o
                0x000006b4                delay
 .text.Init_UART1_Timer
                0x000006d0       0x64 ./source/New_OSEK.o
                0x000006d0                Init_UART1_Timer
 .text.Init_UART2_Timer
                0x00000734       0x64 ./source/New_OSEK.o
                0x00000734                Init_UART2_Timer
 .text.CTIMER0_IRQHandler
                0x00000798       0xfc ./source/New_OSEK.o
                0x00000798                CTIMER0_IRQHandler
 .text.CTIMER1_IRQHandler
                0x00000894       0xfc ./source/New_OSEK.o
                0x00000894                CTIMER1_IRQHandler
 .text.main     0x00000990       0x9c ./source/New_OSEK.o
                0x00000990                main
 .text.task_UART1
                0x00000a2c       0x20 ./source/New_OSEK.o
                0x00000a2c                task_UART1
 .text.task_UART2
                0x00000a4c       0x20 ./source/New_OSEK.o
                0x00000a4c                task_UART2
 .text.task_PWM1
                0x00000a6c       0x3c ./source/New_OSEK.o
                0x00000a6c                task_PWM1
 .text.task_PWM2
                0x00000aa8       0x3c ./source/New_OSEK.o
                0x00000aa8                task_PWM2
 .text.task_PWM3
                0x00000ae4       0x38 ./source/New_OSEK.o
                0x00000ae4                task_PWM3
 .text.task_ISR_TMR
                0x00000b1c       0x50 ./source/New_OSEK.o
                0x00000b1c                task_ISR_TMR
 .text.scheduler
                0x00000b6c      0x1a4 ./source/os.o
                0x00000b6c                scheduler
 .text.os_init  0x00000d10       0x78 ./source/os.o
                0x00000d10                os_init
 .text.task_delay
                0x00000d88       0x1c ./source/os.o
                0x00000d88                task_delay
 .text.task_delay_savedctxt
                0x00000da4       0xa4 ./source/os.o
                0x00000da4                task_delay_savedctxt
 .text.SysTick_Handler
                0x00000e48       0xb0 ./source/os.o
                0x00000e48                SysTick_Handler
 .text.activate_task_ISR
                0x00000ef8       0x78 ./source/os.o
                0x00000ef8                activate_task_ISR
 .text.terminate_task
                0x00000f70       0x2c ./source/os.o
                0x00000f70                terminate_task
 .text.terminate_task_ISR
                0x00000f9c       0x38 ./source/os.o
                0x00000f9c                terminate_task_ISR
 .text.task_config
                0x00000fd4       0xdc ./source/os.o
                0x00000fd4                task_config
 .text.task_idle
                0x000010b0       0x40 ./source/os.o
                0x000010b0                task_idle
 .text.CLOCK_IsPLL0Locked
                0x000010f0       0x28 ./drivers/fsl_clock.o
 .text.CLOCK_SetupFROHFClocking
                0x00001118       0x9c ./drivers/fsl_clock.o
                0x00001118                CLOCK_SetupFROHFClocking
 .text.CLOCK_SetPll0MonitorMode
                0x000011b4       0x38 ./drivers/fsl_clock.o
                0x000011b4                CLOCK_SetPll0MonitorMode
 .text.CLOCK_AttachClk
                0x000011ec       0xb0 ./drivers/fsl_clock.o
                0x000011ec                CLOCK_AttachClk
 .text.CLOCK_SetClkDiv
                0x0000129c       0x54 ./drivers/fsl_clock.o
                0x0000129c                CLOCK_SetClkDiv
 .text.CLOCK_GetPLL0InClockRate
                0x000012f0       0x5c ./drivers/fsl_clock.o
                0x000012f0                CLOCK_GetPLL0InClockRate
 .text.CLOCK_SetPLL0Freq
                0x0000134c      0x10c ./drivers/fsl_clock.o
                0x0000134c                CLOCK_SetPLL0Freq
 .text.CLOCK_GetClk48MFreq
                0x00001458       0x2c ./drivers/fsl_clock.o
 .text.CLOCK_GetExtClkFreq
                0x00001484       0x2c ./drivers/fsl_clock.o
 .text.CLOCK_GetOsc32KFreq
                0x000014b0       0x4c ./drivers/fsl_clock.o
 .text.findPll0PreDiv
                0x000014fc       0x40 ./drivers/fsl_clock.o
 .text.findPll0PostDiv
                0x0000153c       0x60 ./drivers/fsl_clock.o
 .text.findPll0MMult
                0x0000159c       0xac ./drivers/fsl_clock.o
 .text.SDK_DelayAtLeastUs
                0x00001648       0x8c ./drivers/fsl_common_arm.o
                0x00001648                SDK_DelayAtLeastUs
 .text.__NVIC_EnableIRQ
                0x000016d4       0x3c ./drivers/fsl_ctimer.o
 .text.CTIMER_GetInstance
                0x00001710       0x54 ./drivers/fsl_ctimer.o
 .text.CTIMER_Init
                0x00001764       0x80 ./drivers/fsl_ctimer.o
                0x00001764                CTIMER_Init
 .text.CTIMER_GetDefaultConfig
                0x000017e4       0x3c ./drivers/fsl_ctimer.o
                0x000017e4                CTIMER_GetDefaultConfig
 .text.CTIMER_SetupMatch
                0x00001820      0x128 ./drivers/fsl_ctimer.o
                0x00001820                CTIMER_SetupMatch
 .text.CTIMER_SetupCapture
                0x00001948       0x9c ./drivers/fsl_ctimer.o
                0x00001948                CTIMER_SetupCapture
 .text.CTIMER_GenericIRQHandler
                0x000019e4       0xb4 ./drivers/fsl_ctimer.o
 .text.GPIO_GetInstance
                0x00001a98       0x4c ./drivers/fsl_gpio.o
 .text.GPIO_PortClockEnable
                0x00001ae4       0x54 ./drivers/fsl_gpio.o
 .text.GPIO_PinInit
                0x00001b38       0x6c ./drivers/fsl_gpio.o
                0x00001b38                GPIO_PinInit
 .text.LP_FLEXCOMM_GetInterruptStatus
                0x00001ba4       0x28 ./drivers/fsl_lpflexcomm.o
                0x00001ba4                LP_FLEXCOMM_GetInterruptStatus
 .text.LP_FLEXCOMM_SetPeriph
                0x00001bcc       0x94 ./drivers/fsl_lpflexcomm.o
 .text.LP_FLEXCOMM_Init
                0x00001c60       0x58 ./drivers/fsl_lpflexcomm.o
                0x00001c60                LP_FLEXCOMM_Init
 .text.LP_FLEXCOMM_CommonIRQHandler
                0x00001cb8       0xb8 ./drivers/fsl_lpflexcomm.o
 .text.LPUART_GetInstance
                0x00001d70       0x4c ./drivers/fsl_lpuart.o
                0x00001d70                LPUART_GetInstance
 .text.LPUART_Init
                0x00001dbc      0x448 ./drivers/fsl_lpuart.o
                0x00001dbc                LPUART_Init
 .text.LPUART_GetDefaultConfig
                0x00002204       0x8c ./drivers/fsl_lpuart.o
                0x00002204                LPUART_GetDefaultConfig
 .text.LPUART_WriteBlocking
                0x00002290       0x68 ./drivers/fsl_lpuart.o
                0x00002290                LPUART_WriteBlocking
 .text.RESET_SetPeripheralReset
                0x000022f8       0x68 ./drivers/fsl_reset.o
                0x000022f8                RESET_SetPeripheralReset
 .text.RESET_ClearPeripheralReset
                0x00002360       0x6c ./drivers/fsl_reset.o
                0x00002360                RESET_ClearPeripheralReset
 .text.SPC_SetSRAMOperateVoltage
                0x000023cc       0x58 ./drivers/fsl_spc.o
                0x000023cc                SPC_SetSRAMOperateVoltage
 .text.SPC_SetActiveModeCoreLDORegulatorConfig
                0x00002424       0x94 ./drivers/fsl_spc.o
                0x00002424                SPC_SetActiveModeCoreLDORegulatorConfig
 .text.SPC_SetActiveModeDCDCRegulatorConfig
                0x000024b8       0x68 ./drivers/fsl_spc.o
                0x000024b8                SPC_SetActiveModeDCDCRegulatorConfig
 .text.SystemInit
                0x00002520      0x124 ./device/system_MCXN947_cm33_core0.o
                0x00002520                SystemInit
 .text.HAL_UartInitCommon
                0x00002644       0xe4 ./component/uart/fsl_adapter_lpuart.o
 .text.HAL_UartInit
                0x00002728       0x84 ./component/uart/fsl_adapter_lpuart.o
                0x00002728                HAL_UartInit
 .text.HAL_UartSendBlocking
                0x000027ac       0x64 ./component/uart/fsl_adapter_lpuart.o
                0x000027ac                HAL_UartSendBlocking
 .text.BOARD_InitDebugConsole
                0x00002810       0x38 ./board/board.o
                0x00002810                BOARD_InitDebugConsole
 .text.BOARD_BootClockPLL150M
                0x00002848       0xec ./board/clock_config.o
                0x00002848                BOARD_BootClockPLL150M
 .text.PORT_SetPinConfig
                0x00002934       0x38 ./board/pin_mux.o
 .text.BOARD_InitDEBUG_UARTPins
                0x0000296c       0xc0 ./board/pin_mux.o
                0x0000296c                BOARD_InitDEBUG_UARTPins
 .text._initio  0x00002a2c       0x78 C:/nxp/MCUXpressoIDE_25.6.136/ide/plugins/com.nxp.mcuxpresso.tools.win32_25.6.0.202501151204/tools/bin/../lib/gcc/arm-none-eabi/14.2.1/../../../../arm-none-eabi/lib/thumb/v8-m.main+fp/hard\libcr_c.a(initio.o)
                0x00002a2c                _initio
 .text._Cwritebuf
                0x00002aa4       0x70 C:/nxp/MCUXpressoIDE_25.6.136/ide/plugins/com.nxp.mcuxpresso.tools.win32_25.6.0.202501151204/tools/bin/../lib/gcc/arm-none-eabi/14.2.1/../../../../arm-none-eabi/lib/thumb/v8-m.main+fp/hard\libcr_c.a(_writebuf.o)
                0x00002aa4                _Cwritebuf
 .text.fflush   0x00002b14       0x3c C:/nxp/MCUXpressoIDE_25.6.136/ide/plugins/com.nxp.mcuxpresso.tools.win32_25.6.0.202501151204/tools/bin/../lib/gcc/arm-none-eabi/14.2.1/../../../../arm-none-eabi/lib/thumb/v8-m.main+fp/hard\libcr_c.a(fflush.o)
                0x00002b14                fflush
 .text.fseek    0x00002b50       0xf8 C:/nxp/MCUXpressoIDE_25.6.136/ide/plugins/com.nxp.mcuxpresso.tools.win32_25.6.0.202501151204/tools/bin/../lib/gcc/arm-none-eabi/14.2.1/../../../../arm-none-eabi/lib/thumb/v8-m.main+fp/hard\libcr_c.a(fseek.o)
                0x00002b50                fseek
 .text.ftell    0x00002c48       0x44 C:/nxp/MCUXpressoIDE_25.6.136/ide/plugins/com.nxp.mcuxpresso.tools.win32_25.6.0.202501151204/tools/bin/../lib/gcc/arm-none-eabi/14.2.1/../../../../arm-none-eabi/lib/thumb/v8-m.main+fp/hard\libcr_c.a(ftell.o)
                0x00002c48                ftell
 .text.PrintGetWidth
                0x00002c8c       0x6a ./utilities/str/fsl_str.o
 .text.PrintGetPrecision
                0x00002cf6       0x8c ./utilities/str/fsl_str.o
 .text.PrintIsobpu
                0x00002d82       0x38 ./utilities/str/fsl_str.o
 .text.PrintIsdi
                0x00002dba       0x2c ./utilities/str/fsl_str.o
 .text.PrintOutputdifFobpu
                0x00002de6       0x44 ./utilities/str/fsl_str.o
 .text.PrintOutputxX
                0x00002e2a       0x44 ./utilities/str/fsl_str.o
 .text.PrintIsfF
                0x00002e6e       0x2c ./utilities/str/fsl_str.o
 .text.PrintIsxX
                0x00002e9a       0x2c ./utilities/str/fsl_str.o
 .text.PrintFilterLengthFlag
                0x00002ec6       0x3e ./utilities/str/fsl_str.o
 .text.PrintGetRadixFromobpu
                0x00002f04       0x40 ./utilities/str/fsl_str.o
 .text.ConvertRadixNumToString
                0x00002f44       0xc2 ./utilities/str/fsl_str.o
 .text.StrFormatExaminedi
                0x00003006       0x26 ./utilities/str/fsl_str.o
 .text.StrFormatExaminexX
                0x0000302c       0x26 ./utilities/str/fsl_str.o
 .text.StrFormatExamineobpu
                0x00003052       0x26 ./utilities/str/fsl_str.o
 .text.ConvertPrecisionWidthToLength
                0x00003078       0x20 ./utilities/str/fsl_str.o
 .text.StrFormatPrintf
                0x00003098      0x2bc ./utilities/str/fsl_str.o
                0x00003098                StrFormatPrintf
 .text.DbgConsole_PrintCallback
                0x00003354       0x66 ./utilities/debug_console/fsl_debug_console.o
 .text.DbgConsole_Printf
                0x000033ba       0x2c ./utilities/debug_console/fsl_debug_console.o
                0x000033ba                DbgConsole_Printf
 .text.fsl_assert_hook
                0x000033e6       0x1a ./utilities/fsl_assert.o
                0x000033e6                fsl_assert_hook
 .text.OR_IRQHandler
                0x00003400        0x8 ./startup/startup_mcxn947_cm33_core0.o
                0x00003400                OR_IRQHandler
 .text.EDMA_0_CH0_IRQHandler
                0x00003408        0x8 ./startup/startup_mcxn947_cm33_core0.o
                0x00003408                EDMA_0_CH0_IRQHandler
 .text.EDMA_0_CH1_IRQHandler
                0x00003410        0x8 ./startup/startup_mcxn947_cm33_core0.o
                0x00003410                EDMA_0_CH1_IRQHandler
 .text.EDMA_0_CH2_IRQHandler
                0x00003418        0x8 ./startup/startup_mcxn947_cm33_core0.o
                0x00003418                EDMA_0_CH2_IRQHandler
 .text.EDMA_0_CH3_IRQHandler
                0x00003420        0x8 ./startup/startup_mcxn947_cm33_core0.o
                0x00003420                EDMA_0_CH3_IRQHandler
 .text.EDMA_0_CH4_IRQHandler
                0x00003428        0x8 ./startup/startup_mcxn947_cm33_core0.o
                0x00003428                EDMA_0_CH4_IRQHandler
 .text.EDMA_0_CH5_IRQHandler
                0x00003430        0x8 ./startup/startup_mcxn947_cm33_core0.o
                0x00003430                EDMA_0_CH5_IRQHandler
 .text.EDMA_0_CH6_IRQHandler
                0x00003438        0x8 ./startup/startup_mcxn947_cm33_core0.o
                0x00003438                EDMA_0_CH6_IRQHandler
 .text.EDMA_0_CH7_IRQHandler
                0x00003440        0x8 ./startup/startup_mcxn947_cm33_core0.o
                0x00003440                EDMA_0_CH7_IRQHandler
 .text.EDMA_0_CH8_IRQHandler
                0x00003448        0x8 ./startup/startup_mcxn947_cm33_core0.o
                0x00003448                EDMA_0_CH8_IRQHandler
 .text.EDMA_0_CH9_IRQHandler
                0x00003450        0x8 ./startup/startup_mcxn947_cm33_core0.o
                0x00003450                EDMA_0_CH9_IRQHandler
 .text.EDMA_0_CH10_IRQHandler
                0x00003458        0x8 ./startup/startup_mcxn947_cm33_core0.o
                0x00003458                EDMA_0_CH10_IRQHandler
 .text.EDMA_0_CH11_IRQHandler
                0x00003460        0x8 ./startup/startup_mcxn947_cm33_core0.o
                0x00003460                EDMA_0_CH11_IRQHandler
 .text.EDMA_0_CH12_IRQHandler
                0x00003468        0x8 ./startup/startup_mcxn947_cm33_core0.o
                0x00003468                EDMA_0_CH12_IRQHandler
 .text.EDMA_0_CH13_IRQHandler
                0x00003470        0x8 ./startup/startup_mcxn947_cm33_core0.o
                0x00003470                EDMA_0_CH13_IRQHandler
 .text.EDMA_0_CH14_IRQHandler
                0x00003478        0x8 ./startup/startup_mcxn947_cm33_core0.o
                0x00003478                EDMA_0_CH14_IRQHandler
 .text.EDMA_0_CH15_IRQHandler
                0x00003480        0x8 ./startup/startup_mcxn947_cm33_core0.o
                0x00003480                EDMA_0_CH15_IRQHandler
 .text.GPIO00_IRQHandler
                0x00003488        0x8 ./startup/startup_mcxn947_cm33_core0.o
                0x00003488                GPIO00_IRQHandler
 .text.GPIO01_IRQHandler
                0x00003490        0x8 ./startup/startup_mcxn947_cm33_core0.o
                0x00003490                GPIO01_IRQHandler
 .text.GPIO10_IRQHandler
                0x00003498        0x8 ./startup/startup_mcxn947_cm33_core0.o
                0x00003498                GPIO10_IRQHandler
 .text.GPIO11_IRQHandler
                0x000034a0        0x8 ./startup/startup_mcxn947_cm33_core0.o
                0x000034a0                GPIO11_IRQHandler
 .text.GPIO20_IRQHandler
                0x000034a8        0x8 ./startup/startup_mcxn947_cm33_core0.o
                0x000034a8                GPIO20_IRQHandler
 .text.GPIO21_IRQHandler
                0x000034b0        0x8 ./startup/startup_mcxn947_cm33_core0.o
                0x000034b0                GPIO21_IRQHandler
 .text.GPIO30_IRQHandler
                0x000034b8        0x8 ./startup/startup_mcxn947_cm33_core0.o
                0x000034b8                GPIO30_IRQHandler
 .text.GPIO31_IRQHandler
                0x000034c0        0x8 ./startup/startup_mcxn947_cm33_core0.o
                0x000034c0                GPIO31_IRQHandler
 .text.GPIO40_IRQHandler
                0x000034c8        0x8 ./startup/startup_mcxn947_cm33_core0.o
                0x000034c8                GPIO40_IRQHandler
 .text.GPIO41_IRQHandler
                0x000034d0        0x8 ./startup/startup_mcxn947_cm33_core0.o
                0x000034d0                GPIO41_IRQHandler
 .text.GPIO50_IRQHandler
                0x000034d8        0x8 ./startup/startup_mcxn947_cm33_core0.o
                0x000034d8                GPIO50_IRQHandler
 .text.GPIO51_IRQHandler
                0x000034e0        0x8 ./startup/startup_mcxn947_cm33_core0.o
                0x000034e0                GPIO51_IRQHandler
 .text.UTICK0_IRQHandler
                0x000034e8        0x8 ./startup/startup_mcxn947_cm33_core0.o
                0x000034e8                UTICK0_IRQHandler
 .text.MRT0_IRQHandler
                0x000034f0        0x8 ./startup/startup_mcxn947_cm33_core0.o
                0x000034f0                MRT0_IRQHandler
 .text.SCT0_IRQHandler
                0x000034f8        0x8 ./startup/startup_mcxn947_cm33_core0.o
                0x000034f8                SCT0_IRQHandler
 .text.CTIMER2_IRQHandler
                0x00003500        0x8 ./startup/startup_mcxn947_cm33_core0.o
                0x00003500                CTIMER2_IRQHandler
 .text.LP_FLEXCOMM0_IRQHandler
                0x00003508        0x8 ./startup/startup_mcxn947_cm33_core0.o
                0x00003508                LP_FLEXCOMM0_IRQHandler
 .text.LP_FLEXCOMM1_IRQHandler
                0x00003510        0x8 ./startup/startup_mcxn947_cm33_core0.o
                0x00003510                LP_FLEXCOMM1_IRQHandler
 .text.LP_FLEXCOMM2_IRQHandler
                0x00003518        0x8 ./startup/startup_mcxn947_cm33_core0.o
                0x00003518                LP_FLEXCOMM2_IRQHandler
 .text.LP_FLEXCOMM3_IRQHandler
                0x00003520        0x8 ./startup/startup_mcxn947_cm33_core0.o
                0x00003520                LP_FLEXCOMM3_IRQHandler
 .text.LP_FLEXCOMM4_IRQHandler
                0x00003528        0x8 ./startup/startup_mcxn947_cm33_core0.o
                0x00003528                LP_FLEXCOMM4_IRQHandler
 .text.LP_FLEXCOMM5_IRQHandler
                0x00003530        0x8 ./startup/startup_mcxn947_cm33_core0.o
                0x00003530                LP_FLEXCOMM5_IRQHandler
 .text.LP_FLEXCOMM6_IRQHandler
                0x00003538        0x8 ./startup/startup_mcxn947_cm33_core0.o
                0x00003538                LP_FLEXCOMM6_IRQHandler
 .text.LP_FLEXCOMM7_IRQHandler
                0x00003540        0x8 ./startup/startup_mcxn947_cm33_core0.o
                0x00003540                LP_FLEXCOMM7_IRQHandler
 .text.LP_FLEXCOMM8_IRQHandler
                0x00003548        0x8 ./startup/startup_mcxn947_cm33_core0.o
                0x00003548                LP_FLEXCOMM8_IRQHandler
 .text.LP_FLEXCOMM9_IRQHandler
                0x00003550        0x8 ./startup/startup_mcxn947_cm33_core0.o
                0x00003550                LP_FLEXCOMM9_IRQHandler
 .text.ADC0_IRQHandler
                0x00003558        0x8 ./startup/startup_mcxn947_cm33_core0.o
                0x00003558                ADC0_IRQHandler
 .text.ADC1_IRQHandler
                0x00003560        0x8 ./startup/startup_mcxn947_cm33_core0.o
                0x00003560                ADC1_IRQHandler
 .text.PINT0_IRQHandler
                0x00003568        0x8 ./startup/startup_mcxn947_cm33_core0.o
                0x00003568                PINT0_IRQHandler
 .text.PDM_EVENT_IRQHandler
                0x00003570        0x8 ./startup/startup_mcxn947_cm33_core0.o
                0x00003570                PDM_EVENT_IRQHandler
 .text.Reserved65_IRQHandler
                0x00003578        0x8 ./startup/startup_mcxn947_cm33_core0.o
                0x00003578                Reserved65_IRQHandler
 .text.USB0_FS_IRQHandler
                0x00003580        0x8 ./startup/startup_mcxn947_cm33_core0.o
                0x00003580                USB0_FS_IRQHandler
 .text.USB0_DCD_IRQHandler
                0x00003588        0x8 ./startup/startup_mcxn947_cm33_core0.o
                0x00003588                USB0_DCD_IRQHandler
 .text.RTC_IRQHandler
                0x00003590        0x8 ./startup/startup_mcxn947_cm33_core0.o
                0x00003590                RTC_IRQHandler
 .text.SMARTDMA_IRQHandler
                0x00003598        0x8 ./startup/startup_mcxn947_cm33_core0.o
                0x00003598                SMARTDMA_IRQHandler
 .text.MAILBOX_IRQHandler
                0x000035a0        0x8 ./startup/startup_mcxn947_cm33_core0.o
                0x000035a0                MAILBOX_IRQHandler
 .text.CTIMER3_IRQHandler
                0x000035a8        0x8 ./startup/startup_mcxn947_cm33_core0.o
                0x000035a8                CTIMER3_IRQHandler
 .text.CTIMER4_IRQHandler
                0x000035b0        0x8 ./startup/startup_mcxn947_cm33_core0.o
                0x000035b0                CTIMER4_IRQHandler
 .text.OS_EVENT_IRQHandler
                0x000035b8        0x8 ./startup/startup_mcxn947_cm33_core0.o
                0x000035b8                OS_EVENT_IRQHandler
 .text.FLEXSPI0_IRQHandler
                0x000035c0        0x8 ./startup/startup_mcxn947_cm33_core0.o
                0x000035c0                FLEXSPI0_IRQHandler
 .text.SAI0_IRQHandler
                0x000035c8        0x8 ./startup/startup_mcxn947_cm33_core0.o
                0x000035c8                SAI0_IRQHandler
 .text.SAI1_IRQHandler
                0x000035d0        0x8 ./startup/startup_mcxn947_cm33_core0.o
                0x000035d0                SAI1_IRQHandler
 .text.USDHC0_IRQHandler
                0x000035d8        0x8 ./startup/startup_mcxn947_cm33_core0.o
                0x000035d8                USDHC0_IRQHandler
 .text.CAN0_IRQHandler
                0x000035e0        0x8 ./startup/startup_mcxn947_cm33_core0.o
                0x000035e0                CAN0_IRQHandler
 .text.CAN1_IRQHandler
                0x000035e8        0x8 ./startup/startup_mcxn947_cm33_core0.o
                0x000035e8                CAN1_IRQHandler
 .text.Reserved80_IRQHandler
                0x000035f0        0x8 ./startup/startup_mcxn947_cm33_core0.o
                0x000035f0                Reserved80_IRQHandler
 .text.Reserved81_IRQHandler
                0x000035f8        0x8 ./startup/startup_mcxn947_cm33_core0.o
                0x000035f8                Reserved81_IRQHandler
 .text.USB1_HS_PHY_IRQHandler
                0x00003600        0x8 ./startup/startup_mcxn947_cm33_core0.o
                0x00003600                USB1_HS_PHY_IRQHandler
 .text.USB1_HS_IRQHandler
                0x00003608        0x8 ./startup/startup_mcxn947_cm33_core0.o
                0x00003608                USB1_HS_IRQHandler
 .text.SEC_HYPERVISOR_CALL_IRQHandler
                0x00003610        0x8 ./startup/startup_mcxn947_cm33_core0.o
                0x00003610                SEC_HYPERVISOR_CALL_IRQHandler
 .text.Reserved85_IRQHandler
                0x00003618        0x8 ./startup/startup_mcxn947_cm33_core0.o
                0x00003618                Reserved85_IRQHandler
 .text.PLU_IRQHandler
                0x00003620        0x8 ./startup/startup_mcxn947_cm33_core0.o
                0x00003620                PLU_IRQHandler
 .text.Freqme_IRQHandler
                0x00003628        0x8 ./startup/startup_mcxn947_cm33_core0.o
                0x00003628                Freqme_IRQHandler
 .text.SEC_VIO_IRQHandler
                0x00003630        0x8 ./startup/startup_mcxn947_cm33_core0.o
                0x00003630                SEC_VIO_IRQHandler
 .text.ELS_IRQHandler
                0x00003638        0x8 ./startup/startup_mcxn947_cm33_core0.o
                0x00003638                ELS_IRQHandler
 .text.PKC_IRQHandler
                0x00003640        0x8 ./startup/startup_mcxn947_cm33_core0.o
                0x00003640                PKC_IRQHandler
 .text.PUF_IRQHandler
                0x00003648        0x8 ./startup/startup_mcxn947_cm33_core0.o
                0x00003648                PUF_IRQHandler
 .text.PQ_IRQHandler
                0x00003650        0x8 ./startup/startup_mcxn947_cm33_core0.o
                0x00003650                PQ_IRQHandler
 .text.EDMA_1_CH0_IRQHandler
                0x00003658        0x8 ./startup/startup_mcxn947_cm33_core0.o
                0x00003658                EDMA_1_CH0_IRQHandler
 .text.EDMA_1_CH1_IRQHandler
                0x00003660        0x8 ./startup/startup_mcxn947_cm33_core0.o
                0x00003660                EDMA_1_CH1_IRQHandler
 .text.EDMA_1_CH2_IRQHandler
                0x00003668        0x8 ./startup/startup_mcxn947_cm33_core0.o
                0x00003668                EDMA_1_CH2_IRQHandler
 .text.EDMA_1_CH3_IRQHandler
                0x00003670        0x8 ./startup/startup_mcxn947_cm33_core0.o
                0x00003670                EDMA_1_CH3_IRQHandler
 .text.EDMA_1_CH4_IRQHandler
                0x00003678        0x8 ./startup/startup_mcxn947_cm33_core0.o
                0x00003678                EDMA_1_CH4_IRQHandler
 .text.EDMA_1_CH5_IRQHandler
                0x00003680        0x8 ./startup/startup_mcxn947_cm33_core0.o
                0x00003680                EDMA_1_CH5_IRQHandler
 .text.EDMA_1_CH6_IRQHandler
                0x00003688        0x8 ./startup/startup_mcxn947_cm33_core0.o
                0x00003688                EDMA_1_CH6_IRQHandler
 .text.EDMA_1_CH7_IRQHandler
                0x00003690        0x8 ./startup/startup_mcxn947_cm33_core0.o
                0x00003690                EDMA_1_CH7_IRQHandler
 .text.EDMA_1_CH8_IRQHandler
                0x00003698        0x8 ./startup/startup_mcxn947_cm33_core0.o
                0x00003698                EDMA_1_CH8_IRQHandler
 .text.EDMA_1_CH9_IRQHandler
                0x000036a0        0x8 ./startup/startup_mcxn947_cm33_core0.o
                0x000036a0                EDMA_1_CH9_IRQHandler
 .text.EDMA_1_CH10_IRQHandler
                0x000036a8        0x8 ./startup/startup_mcxn947_cm33_core0.o
                0x000036a8                EDMA_1_CH10_IRQHandler
 .text.EDMA_1_CH11_IRQHandler
                0x000036b0        0x8 ./startup/startup_mcxn947_cm33_core0.o
                0x000036b0                EDMA_1_CH11_IRQHandler
 .text.EDMA_1_CH12_IRQHandler
                0x000036b8        0x8 ./startup/startup_mcxn947_cm33_core0.o
                0x000036b8                EDMA_1_CH12_IRQHandler
 .text.EDMA_1_CH13_IRQHandler
                0x000036c0        0x8 ./startup/startup_mcxn947_cm33_core0.o
                0x000036c0                EDMA_1_CH13_IRQHandler
 .text.EDMA_1_CH14_IRQHandler
                0x000036c8        0x8 ./startup/startup_mcxn947_cm33_core0.o
                0x000036c8                EDMA_1_CH14_IRQHandler
 .text.EDMA_1_CH15_IRQHandler
                0x000036d0        0x8 ./startup/startup_mcxn947_cm33_core0.o
                0x000036d0                EDMA_1_CH15_IRQHandler
 .text.CDOG0_IRQHandler
                0x000036d8        0x8 ./startup/startup_mcxn947_cm33_core0.o
                0x000036d8                CDOG0_IRQHandler
 .text.CDOG1_IRQHandler
                0x000036e0        0x8 ./startup/startup_mcxn947_cm33_core0.o
                0x000036e0                CDOG1_IRQHandler
 .text.I3C0_IRQHandler
                0x000036e8        0x8 ./startup/startup_mcxn947_cm33_core0.o
                0x000036e8                I3C0_IRQHandler
 .text.I3C1_IRQHandler
                0x000036f0        0x8 ./startup/startup_mcxn947_cm33_core0.o
                0x000036f0                I3C1_IRQHandler
 .text.NPU_IRQHandler
                0x000036f8        0x8 ./startup/startup_mcxn947_cm33_core0.o
                0x000036f8                NPU_IRQHandler
 .text.GDET_IRQHandler
                0x00003700        0x8 ./startup/startup_mcxn947_cm33_core0.o
                0x00003700                GDET_IRQHandler
 .text.VBAT0_IRQHandler
                0x00003708        0x8 ./startup/startup_mcxn947_cm33_core0.o
                0x00003708                VBAT0_IRQHandler
 .text.EWM0_IRQHandler
                0x00003710        0x8 ./startup/startup_mcxn947_cm33_core0.o
                0x00003710                EWM0_IRQHandler
 .text.TSI_END_OF_SCAN_IRQHandler
                0x00003718        0x8 ./startup/startup_mcxn947_cm33_core0.o
                0x00003718                TSI_END_OF_SCAN_IRQHandler
 .text.TSI_OUT_OF_SCAN_IRQHandler
                0x00003720        0x8 ./startup/startup_mcxn947_cm33_core0.o
                0x00003720                TSI_OUT_OF_SCAN_IRQHandler
 .text.EMVSIM0_IRQHandler
                0x00003728        0x8 ./startup/startup_mcxn947_cm33_core0.o
                0x00003728                EMVSIM0_IRQHandler
 .text.EMVSIM1_IRQHandler
                0x00003730        0x8 ./startup/startup_mcxn947_cm33_core0.o
                0x00003730                EMVSIM1_IRQHandler
 .text.FLEXIO_IRQHandler
                0x00003738        0x8 ./startup/startup_mcxn947_cm33_core0.o
                0x00003738                FLEXIO_IRQHandler
 .text.DAC0_IRQHandler
                0x00003740        0x8 ./startup/startup_mcxn947_cm33_core0.o
                0x00003740                DAC0_IRQHandler
 .text.DAC1_IRQHandler
                0x00003748        0x8 ./startup/startup_mcxn947_cm33_core0.o
                0x00003748                DAC1_IRQHandler
 .text.DAC2_IRQHandler
                0x00003750        0x8 ./startup/startup_mcxn947_cm33_core0.o
                0x00003750                DAC2_IRQHandler
 .text.HSCMP0_IRQHandler
                0x00003758        0x8 ./startup/startup_mcxn947_cm33_core0.o
                0x00003758                HSCMP0_IRQHandler
 .text.HSCMP1_IRQHandler
                0x00003760        0x8 ./startup/startup_mcxn947_cm33_core0.o
                0x00003760                HSCMP1_IRQHandler
 .text.HSCMP2_IRQHandler
                0x00003768        0x8 ./startup/startup_mcxn947_cm33_core0.o
                0x00003768                HSCMP2_IRQHandler
 .text.FLEXPWM0_RELOAD_ERROR_IRQHandler
                0x00003770        0x8 ./startup/startup_mcxn947_cm33_core0.o
                0x00003770                FLEXPWM0_RELOAD_ERROR_IRQHandler
 .text.FLEXPWM0_FAULT_IRQHandler
                0x00003778        0x8 ./startup/startup_mcxn947_cm33_core0.o
                0x00003778                FLEXPWM0_FAULT_IRQHandler
 .text.FLEXPWM0_SUBMODULE0_IRQHandler
                0x00003780        0x8 ./startup/startup_mcxn947_cm33_core0.o
                0x00003780                FLEXPWM0_SUBMODULE0_IRQHandler
 .text.FLEXPWM0_SUBMODULE1_IRQHandler
                0x00003788        0x8 ./startup/startup_mcxn947_cm33_core0.o
                0x00003788                FLEXPWM0_SUBMODULE1_IRQHandler
 .text.FLEXPWM0_SUBMODULE2_IRQHandler
                0x00003790        0x8 ./startup/startup_mcxn947_cm33_core0.o
                0x00003790                FLEXPWM0_SUBMODULE2_IRQHandler
 .text.FLEXPWM0_SUBMODULE3_IRQHandler
                0x00003798        0x8 ./startup/startup_mcxn947_cm33_core0.o
                0x00003798                FLEXPWM0_SUBMODULE3_IRQHandler
 .text.FLEXPWM1_RELOAD_ERROR_IRQHandler
                0x000037a0        0x8 ./startup/startup_mcxn947_cm33_core0.o
                0x000037a0                FLEXPWM1_RELOAD_ERROR_IRQHandler
 .text.FLEXPWM1_FAULT_IRQHandler
                0x000037a8        0x8 ./startup/startup_mcxn947_cm33_core0.o
                0x000037a8                FLEXPWM1_FAULT_IRQHandler
 .text.FLEXPWM1_SUBMODULE0_IRQHandler
                0x000037b0        0x8 ./startup/startup_mcxn947_cm33_core0.o
                0x000037b0                FLEXPWM1_SUBMODULE0_IRQHandler
 .text.FLEXPWM1_SUBMODULE1_IRQHandler
                0x000037b8        0x8 ./startup/startup_mcxn947_cm33_core0.o
                0x000037b8                FLEXPWM1_SUBMODULE1_IRQHandler
 .text.FLEXPWM1_SUBMODULE2_IRQHandler
                0x000037c0        0x8 ./startup/startup_mcxn947_cm33_core0.o
                0x000037c0                FLEXPWM1_SUBMODULE2_IRQHandler
 .text.FLEXPWM1_SUBMODULE3_IRQHandler
                0x000037c8        0x8 ./startup/startup_mcxn947_cm33_core0.o
                0x000037c8                FLEXPWM1_SUBMODULE3_IRQHandler
 .text.QDC0_COMPARE_IRQHandler
                0x000037d0        0x8 ./startup/startup_mcxn947_cm33_core0.o
                0x000037d0                QDC0_COMPARE_IRQHandler
 .text.QDC0_HOME_IRQHandler
                0x000037d8        0x8 ./startup/startup_mcxn947_cm33_core0.o
                0x000037d8                QDC0_HOME_IRQHandler
 .text.QDC0_WDG_SAB_IRQHandler
                0x000037e0        0x8 ./startup/startup_mcxn947_cm33_core0.o
                0x000037e0                QDC0_WDG_SAB_IRQHandler
 .text.QDC0_IDX_IRQHandler
                0x000037e8        0x8 ./startup/startup_mcxn947_cm33_core0.o
                0x000037e8                QDC0_IDX_IRQHandler
 .text.QDC1_COMPARE_IRQHandler
                0x000037f0        0x8 ./startup/startup_mcxn947_cm33_core0.o
                0x000037f0                QDC1_COMPARE_IRQHandler
 .text.QDC1_HOME_IRQHandler
                0x000037f8        0x8 ./startup/startup_mcxn947_cm33_core0.o
                0x000037f8                QDC1_HOME_IRQHandler
 .text.QDC1_WDG_SAB_IRQHandler
                0x00003800        0x8 ./startup/startup_mcxn947_cm33_core0.o
                0x00003800                QDC1_WDG_SAB_IRQHandler
 .text.QDC1_IDX_IRQHandler
                0x00003808        0x8 ./startup/startup_mcxn947_cm33_core0.o
                0x00003808                QDC1_IDX_IRQHandler
 .text.ITRC0_IRQHandler
                0x00003810        0x8 ./startup/startup_mcxn947_cm33_core0.o
                0x00003810                ITRC0_IRQHandler
 .text.BSP32_IRQHandler
                0x00003818        0x8 ./startup/startup_mcxn947_cm33_core0.o
                0x00003818                BSP32_IRQHandler
 .text.ELS_ERR_IRQHandler
                0x00003820        0x8 ./startup/startup_mcxn947_cm33_core0.o
                0x00003820                ELS_ERR_IRQHandler
 .text.PKC_ERR_IRQHandler
                0x00003828        0x8 ./startup/startup_mcxn947_cm33_core0.o
                0x00003828                PKC_ERR_IRQHandler
 .text.ERM_SINGLE_BIT_ERROR_IRQHandler
                0x00003830        0x8 ./startup/startup_mcxn947_cm33_core0.o
                0x00003830                ERM_SINGLE_BIT_ERROR_IRQHandler
 .text.ERM_MULTI_BIT_ERROR_IRQHandler
                0x00003838        0x8 ./startup/startup_mcxn947_cm33_core0.o
                0x00003838                ERM_MULTI_BIT_ERROR_IRQHandler
 .text.FMU0_IRQHandler
                0x00003840        0x8 ./startup/startup_mcxn947_cm33_core0.o
                0x00003840                FMU0_IRQHandler
 .text.ETHERNET_IRQHandler
                0x00003848        0x8 ./startup/startup_mcxn947_cm33_core0.o
                0x00003848                ETHERNET_IRQHandler
 .text.ETHERNET_PMT_IRQHandler
                0x00003850        0x8 ./startup/startup_mcxn947_cm33_core0.o
                0x00003850                ETHERNET_PMT_IRQHandler
 .text.ETHERNET_MACLP_IRQHandler
                0x00003858        0x8 ./startup/startup_mcxn947_cm33_core0.o
                0x00003858                ETHERNET_MACLP_IRQHandler
 .text.SINC_FILTER_IRQHandler
                0x00003860        0x8 ./startup/startup_mcxn947_cm33_core0.o
                0x00003860                SINC_FILTER_IRQHandler
 .text.LPTMR0_IRQHandler
                0x00003868        0x8 ./startup/startup_mcxn947_cm33_core0.o
                0x00003868                LPTMR0_IRQHandler
 .text.LPTMR1_IRQHandler
                0x00003870        0x8 ./startup/startup_mcxn947_cm33_core0.o
                0x00003870                LPTMR1_IRQHandler
 .text.SCG_IRQHandler
                0x00003878        0x8 ./startup/startup_mcxn947_cm33_core0.o
                0x00003878                SCG_IRQHandler
 .text.SPC_IRQHandler
                0x00003880        0x8 ./startup/startup_mcxn947_cm33_core0.o
                0x00003880                SPC_IRQHandler
 .text.WUU_IRQHandler
                0x00003888        0x8 ./startup/startup_mcxn947_cm33_core0.o
                0x00003888                WUU_IRQHandler
 .text.PORT_EFT_IRQHandler
                0x00003890        0x8 ./startup/startup_mcxn947_cm33_core0.o
                0x00003890                PORT_EFT_IRQHandler
 .text.ETB0_IRQHandler
                0x00003898        0x8 ./startup/startup_mcxn947_cm33_core0.o
                0x00003898                ETB0_IRQHandler
 .text.Reserved166_IRQHandler
                0x000038a0        0x8 ./startup/startup_mcxn947_cm33_core0.o
                0x000038a0                Reserved166_IRQHandler
 .text.Reserved167_IRQHandler
                0x000038a8        0x8 ./startup/startup_mcxn947_cm33_core0.o
                0x000038a8                Reserved167_IRQHandler
 .text.WWDT0_IRQHandler
                0x000038b0        0x8 ./startup/startup_mcxn947_cm33_core0.o
                0x000038b0                WWDT0_IRQHandler
 .text.WWDT1_IRQHandler
                0x000038b8        0x8 ./startup/startup_mcxn947_cm33_core0.o
                0x000038b8                WWDT1_IRQHandler
 .text.CMC0_IRQHandler
                0x000038c0        0x8 ./startup/startup_mcxn947_cm33_core0.o
                0x000038c0                CMC0_IRQHandler
 .text.CTI0_IRQHandler
                0x000038c8        0x8 ./startup/startup_mcxn947_cm33_core0.o
                0x000038c8                CTI0_IRQHandler
 .text.CLOCK_EnableClock
                0x000038d0       0x94 ./source/New_OSEK.o
 .text.EnableIRQ
                0x00003964       0x32 ./source/New_OSEK.o
 .text.GPIO_PortSet
                0x00003996       0x1c ./source/New_OSEK.o
 .text.GPIO_PortClear
                0x000039b2       0x1c ./source/New_OSEK.o
 .text.GPIO_PinRead
                0x000039ce       0x24 ./source/New_OSEK.o
 .text.CTIMER_GetStatusFlags
                0x000039f2       0x18 ./source/New_OSEK.o
 .text.CTIMER_ClearStatusFlags
                0x00003a0a       0x1c ./source/New_OSEK.o
 .text.CTIMER_StartTimer
                0x00003a26       0x20 ./source/New_OSEK.o
 .text.BOARD_InitHardware
                0x00003a46       0x6a ./source/New_OSEK.o
                0x00003a46                BOARD_InitHardware
 .text.task_UART3
                0x00003ab0        0xa ./source/New_OSEK.o
                0x00003ab0                task_UART3
 .text.HardFault_Handler
                0x00003aba       0x36 ./source/semihost_hardfault.o
                0x00003aba                HardFault_Handler
 .text.CLOCK_GetPll0OutFreq
                0x00003af0       0x88 ./drivers/fsl_clock.o
                0x00003af0                CLOCK_GetPll0OutFreq
 .text.DelayLoop
                0x00003b78       0x20 ./drivers/fsl_common_arm.o
 .text.CLOCK_EnableClock
                0x00003b98       0x94 ./drivers/fsl_ctimer.o
 .text.EnableIRQ
                0x00003c2c       0x32 ./drivers/fsl_ctimer.o
 .text.CTIMER_GetStatusFlags
                0x00003c5e       0x18 ./drivers/fsl_ctimer.o
 .text.CTIMER_ClearStatusFlags
                0x00003c76       0x1c ./drivers/fsl_ctimer.o
 .text.CTIMER2_DriverIRQHandler
                0x00003c92        0xe ./drivers/fsl_ctimer.o
                0x00003c92                CTIMER2_DriverIRQHandler
 .text.CTIMER3_DriverIRQHandler
                0x00003ca0        0xe ./drivers/fsl_ctimer.o
                0x00003ca0                CTIMER3_DriverIRQHandler
 .text.CTIMER4_DriverIRQHandler
                0x00003cae        0xe ./drivers/fsl_ctimer.o
                0x00003cae                CTIMER4_DriverIRQHandler
 .text.CLOCK_EnableClock
                0x00003cbc       0x94 ./drivers/fsl_gpio.o
 .text.CLOCK_DisableClock
                0x00003d50       0xb8 ./drivers/fsl_gpio.o
 .text.GPIO_PinWrite
                0x00003e08       0x36 ./drivers/fsl_gpio.o
 .text.INPUTMUX_AttachSignal
                0x00003e3e       0x38 ./drivers/fsl_inputmux.o
                0x00003e3e                INPUTMUX_AttachSignal
 .text.CLOCK_EnableClock
                0x00003e76       0x94 ./drivers/fsl_lpflexcomm.o
 .text.LP_FLEXCOMM_PeripheralIsPresent
                0x00003f0a       0x52 ./drivers/fsl_lpflexcomm.o
 .text.LP_FLEXCOMM0_DriverIRQHandler
                0x00003f5c        0xe ./drivers/fsl_lpflexcomm.o
                0x00003f5c                LP_FLEXCOMM0_DriverIRQHandler
 .text.LP_FLEXCOMM1_DriverIRQHandler
                0x00003f6a        0xe ./drivers/fsl_lpflexcomm.o
                0x00003f6a                LP_FLEXCOMM1_DriverIRQHandler
 .text.LP_FLEXCOMM2_DriverIRQHandler
                0x00003f78        0xe ./drivers/fsl_lpflexcomm.o
                0x00003f78                LP_FLEXCOMM2_DriverIRQHandler
 .text.LP_FLEXCOMM3_DriverIRQHandler
                0x00003f86        0xe ./drivers/fsl_lpflexcomm.o
                0x00003f86                LP_FLEXCOMM3_DriverIRQHandler
 .text.LP_FLEXCOMM4_DriverIRQHandler
                0x00003f94        0xe ./drivers/fsl_lpflexcomm.o
                0x00003f94                LP_FLEXCOMM4_DriverIRQHandler
 .text.LP_FLEXCOMM5_DriverIRQHandler
                0x00003fa2        0xe ./drivers/fsl_lpflexcomm.o
                0x00003fa2                LP_FLEXCOMM5_DriverIRQHandler
 .text.LP_FLEXCOMM6_DriverIRQHandler
                0x00003fb0        0xe ./drivers/fsl_lpflexcomm.o
                0x00003fb0                LP_FLEXCOMM6_DriverIRQHandler
 .text.LP_FLEXCOMM7_DriverIRQHandler
                0x00003fbe        0xe ./drivers/fsl_lpflexcomm.o
                0x00003fbe                LP_FLEXCOMM7_DriverIRQHandler
 .text.LP_FLEXCOMM8_DriverIRQHandler
                0x00003fcc        0xe ./drivers/fsl_lpflexcomm.o
                0x00003fcc                LP_FLEXCOMM8_DriverIRQHandler
 .text.LP_FLEXCOMM9_DriverIRQHandler
                0x00003fda        0xe ./drivers/fsl_lpflexcomm.o
                0x00003fda                LP_FLEXCOMM9_DriverIRQHandler
 .text.LPUART_SoftwareReset
                0x00003fe8       0x2c ./drivers/fsl_lpuart.o
 .text.RESET_PeripheralReset
                0x00004014       0x24 ./drivers/fsl_reset.o
                0x00004014                RESET_PeripheralReset
 .text.SPC_GetActiveModeBandgapMode
                0x00004038       0x22 ./drivers/fsl_spc.o
 .text.SPC_GetActiveModeVoltageDetectStatus
                0x0000405a       0x22 ./drivers/fsl_spc.o
 .text.SPC_GetActiveModeCoreLDOVDDVoltageLevel
                0x0000407c       0x22 ./drivers/fsl_spc.o
 .text.SPC_GetActiveModeCoreLDODriveStrength
                0x0000409e       0x22 ./drivers/fsl_spc.o
 .text.SPC_SetActiveModeDCDCRegulatorVoltageLevel
                0x000040c0       0x32 ./drivers/fsl_spc.o
 .text.SPC_SetActiveModeCoreLDORegulatorVoltageLevel
                0x000040f2       0x60 ./drivers/fsl_spc.o
                0x000040f2                SPC_SetActiveModeCoreLDORegulatorVoltageLevel
 .text.SPC_SetActiveModeCoreLDORegulatorDriveStrength
                0x00004152       0x5e ./drivers/fsl_spc.o
                0x00004152                SPC_SetActiveModeCoreLDORegulatorDriveStrength
 .text.SPC_SetActiveModeDCDCRegulatorDriveStrength
                0x000041b0       0x48 ./drivers/fsl_spc.o
                0x000041b0                SPC_SetActiveModeDCDCRegulatorDriveStrength
 .text.SystemInitHook
                0x000041f8        0xe ./device/system_MCXN947_cm33_core0.o
                0x000041f8                SystemInitHook
 .text.HAL_UartGetStatus
                0x00004206       0x28 ./component/uart/fsl_adapter_lpuart.o
 .text.DisableGlobalIRQ
                0x0000422e       0x22 ./component/serial_manager/fsl_component_serial_manager.o
 .text.EnableGlobalIRQ
                0x00004250       0x20 ./component/serial_manager/fsl_component_serial_manager.o
 .text.SerialManager_StartWriting
                0x00004270       0x38 ./component/serial_manager/fsl_component_serial_manager.o
 .text.SerialManager_Write
                0x000042a8       0x44 ./component/serial_manager/fsl_component_serial_manager.o
 .text.SerialManager_Init
                0x000042ec       0x60 ./component/serial_manager/fsl_component_serial_manager.o
                0x000042ec                SerialManager_Init
 .text.SerialManager_OpenWriteHandle
                0x0000434c       0x50 ./component/serial_manager/fsl_component_serial_manager.o
                0x0000434c                SerialManager_OpenWriteHandle
 .text.SerialManager_OpenReadHandle
                0x0000439c       0x60 ./component/serial_manager/fsl_component_serial_manager.o
                0x0000439c                SerialManager_OpenReadHandle
 .text.SerialManager_WriteBlocking
                0x000043fc       0x20 ./component/serial_manager/fsl_component_serial_manager.o
                0x000043fc                SerialManager_WriteBlocking
 .text.Serial_UartInit
                0x0000441c       0x3e ./component/serial_manager/fsl_component_serial_port_uart.o
                0x0000441c                Serial_UartInit
 .text.Serial_UartWrite
                0x0000445a       0x38 ./component/serial_manager/fsl_component_serial_port_uart.o
                0x0000445a                Serial_UartWrite
 .text.CLOCK_EnableClock
                0x00004492       0x94 ./board/clock_config.o
 .text.BOARD_InitBootClocks
                0x00004526        0xc ./board/clock_config.o
                0x00004526                BOARD_InitBootClocks
 .text.BOARD_InitBootPeripherals
                0x00004532        0xe ./board/peripherals.o
                0x00004532                BOARD_InitBootPeripherals
 .text.CLOCK_EnableClock
                0x00004540       0x94 ./board/pin_mux.o
 .text.PORT_SetPinMux
                0x000045d4       0x3e ./board/pin_mux.o
 .text.BOARD_InitBootPins
                0x00004612        0xc ./board/pin_mux.o
                0x00004612                BOARD_InitBootPins
 .text.__main   0x0000461e        0xe C:/nxp/MCUXpressoIDE_25.6.136/ide/plugins/com.nxp.mcuxpresso.tools.win32_25.6.0.202501151204/tools/bin/../lib/gcc/arm-none-eabi/14.2.1/../../../../arm-none-eabi/lib/thumb/v8-m.main+fp/hard\libcr_nohost_nf.a(_cr__main.o)
                0x0000461e                __main
 .text.memcpy   0x0000462c        0x4 C:/nxp/MCUXpressoIDE_25.6.136/ide/plugins/com.nxp.mcuxpresso.tools.win32_25.6.0.202501151204/tools/bin/../lib/gcc/arm-none-eabi/14.2.1/../../../../arm-none-eabi/lib/thumb/v8-m.main+fp/hard\libcr_c.a(memcpy.o)
                0x0000462c                memcpy
 .text.memset   0x00004630        0x4 C:/nxp/MCUXpressoIDE_25.6.136/ide/plugins/com.nxp.mcuxpresso.tools.win32_25.6.0.202501151204/tools/bin/../lib/gcc/arm-none-eabi/14.2.1/../../../../arm-none-eabi/lib/thumb/v8-m.main+fp/hard\libcr_c.a(memset.o)
                0x00004630                memset
 .text.free     0x00004634       0x30 C:/nxp/MCUXpressoIDE_25.6.136/ide/plugins/com.nxp.mcuxpresso.tools.win32_25.6.0.202501151204/tools/bin/../lib/gcc/arm-none-eabi/14.2.1/../../../../arm-none-eabi/lib/thumb/v8-m.main+fp/hard\libcr_c.a(alloc.o)
                0x00004634                free
 .text.setvbuf  0x00004664       0x3e C:/nxp/MCUXpressoIDE_25.6.136/ide/plugins/com.nxp.mcuxpresso.tools.win32_25.6.0.202501151204/tools/bin/../lib/gcc/arm-none-eabi/14.2.1/../../../../arm-none-eabi/lib/thumb/v8-m.main+fp/hard\libcr_c.a(setvbuf.o)
                0x00004664                setvbuf
 .text.strlen   0x000046a2       0x4e C:/nxp/MCUXpressoIDE_25.6.136/ide/plugins/com.nxp.mcuxpresso.tools.win32_25.6.0.202501151204/tools/bin/../lib/gcc/arm-none-eabi/14.2.1/../../../../arm-none-eabi/lib/thumb/v8-m.main+fp/hard\libcr_c.a(strlen.o)
                0x000046a2                strlen
 .text._deferredlazyseek
                0x000046f0       0x40 C:/nxp/MCUXpressoIDE_25.6.136/ide/plugins/com.nxp.mcuxpresso.tools.win32_25.6.0.202501151204/tools/bin/../lib/gcc/arm-none-eabi/14.2.1/../../../../arm-none-eabi/lib/thumb/v8-m.main+fp/hard\libcr_c.a(_deferredlazyseek.o)
                0x000046f0                _deferredlazyseek
 .text._fdopen  0x00004730       0x68 C:/nxp/MCUXpressoIDE_25.6.136/ide/plugins/com.nxp.mcuxpresso.tools.win32_25.6.0.202501151204/tools/bin/../lib/gcc/arm-none-eabi/14.2.1/../../../../arm-none-eabi/lib/thumb/v8-m.main+fp/hard\libcr_c.a(_fdopen.o)
                0x00004730                _fdopen
 .text._fflush  0x00004798       0x52 C:/nxp/MCUXpressoIDE_25.6.136/ide/plugins/com.nxp.mcuxpresso.tools.win32_25.6.0.202501151204/tools/bin/../lib/gcc/arm-none-eabi/14.2.1/../../../../arm-none-eabi/lib/thumb/v8-m.main+fp/hard\libcr_c.a(_fflush.o)
                0x00004798                _fflush
 .text.fclose   0x000047ea       0x58 C:/nxp/MCUXpressoIDE_25.6.136/ide/plugins/com.nxp.mcuxpresso.tools.win32_25.6.0.202501151204/tools/bin/../lib/gcc/arm-none-eabi/14.2.1/../../../../arm-none-eabi/lib/thumb/v8-m.main+fp/hard\libcr_c.a(fclose.o)
                0x000047ea                fclose
 .text.remove   0x00004842       0x14 C:/nxp/MCUXpressoIDE_25.6.136/ide/plugins/com.nxp.mcuxpresso.tools.win32_25.6.0.202501151204/tools/bin/../lib/gcc/arm-none-eabi/14.2.1/../../../../arm-none-eabi/lib/thumb/v8-m.main+fp/hard\libcr_c.a(remove.o)
                0x00004842                remove
 .text._do_fflush
                0x00004856       0x40 C:/nxp/MCUXpressoIDE_25.6.136/ide/plugins/com.nxp.mcuxpresso.tools.win32_25.6.0.202501151204/tools/bin/../lib/gcc/arm-none-eabi/14.2.1/../../../../arm-none-eabi/lib/thumb/v8-m.main+fp/hard\libcr_c.a(_do_fflush.o)
                0x00004856                _do_fflush
 .text.__aeabi_division_uldivmod
                0x00004896      0x174 C:/nxp/MCUXpressoIDE_25.6.136/ide/plugins/com.nxp.mcuxpresso.tools.win32_25.6.0.202501151204/tools/bin/../lib/gcc/arm-none-eabi/14.2.1/thumb/v8-m.main+fp/hard\libcr_eabihelpers.a(division_64.o)
                0x00004896                __aeabi_uldivmod
                0x0000489a                __bhs_ldivmod1
 .text.__aeabi_division_idiv0
                0x00004a0a        0x2 C:/nxp/MCUXpressoIDE_25.6.136/ide/plugins/com.nxp.mcuxpresso.tools.win32_25.6.0.202501151204/tools/bin/../lib/gcc/arm-none-eabi/14.2.1/thumb/v8-m.main+fp/hard\libcr_eabihelpers.a(division_idiv0.o)
                0x00004a0a                __aeabi_idiv0
 .text.__aeabi_f2ulz
                0x00004a0c       0x3e C:/nxp/MCUXpressoIDE_25.6.136/ide/plugins/com.nxp.mcuxpresso.tools.win32_25.6.0.202501151204/tools/bin/../lib/gcc/arm-none-eabi/14.2.1/thumb/v8-m.main+fp/hard\libcr_eabihelpers.a(float.o)
                0x00004a0c                __aeabi_f2ulz
 .text.__aeabi_memcpy
                0x00004a4a       0x34 C:/nxp/MCUXpressoIDE_25.6.136/ide/plugins/com.nxp.mcuxpresso.tools.win32_25.6.0.202501151204/tools/bin/../lib/gcc/arm-none-eabi/14.2.1/thumb/v8-m.main+fp/hard\libcr_eabihelpers.a(memcpy.o)
                0x00004a4a                __aeabi_memcpy
                0x00004a54                __aeabi_memcpy8
                0x00004a54                __aeabi_memcpy4
 .text.__aeabi_memset_lowlevel
                0x00004a7e       0x32 C:/nxp/MCUXpressoIDE_25.6.136/ide/plugins/com.nxp.mcuxpresso.tools.win32_25.6.0.202501151204/tools/bin/../lib/gcc/arm-none-eabi/14.2.1/thumb/v8-m.main+fp/hard\libcr_eabihelpers.a(memcpy.o)
                0x00004a7e                __aeabi_lowlevel_memset
 .text.__sys_close
                0x00004ab0        0x6 C:/nxp/MCUXpressoIDE_25.6.136/ide/plugins/com.nxp.mcuxpresso.tools.win32_25.6.0.202501151204/tools/bin/../lib/gcc/arm-none-eabi/14.2.1/../../../../arm-none-eabi/lib/thumb/v8-m.main+fp/hard\libcr_nohost_nf.a(__sys_close.o)
                0x00004ab0                __sys_close
 .text.__sys_flen
                0x00004ab6        0x6 C:/nxp/MCUXpressoIDE_25.6.136/ide/plugins/com.nxp.mcuxpresso.tools.win32_25.6.0.202501151204/tools/bin/../lib/gcc/arm-none-eabi/14.2.1/../../../../arm-none-eabi/lib/thumb/v8-m.main+fp/hard\libcr_nohost_nf.a(__sys_flen.o)
                0x00004ab6                __sys_flen
 .text.__sys_istty
                0x00004abc        0x6 C:/nxp/MCUXpressoIDE_25.6.136/ide/plugins/com.nxp.mcuxpresso.tools.win32_25.6.0.202501151204/tools/bin/../lib/gcc/arm-none-eabi/14.2.1/../../../../arm-none-eabi/lib/thumb/v8-m.main+fp/hard\libcr_nohost_nf.a(__sys_istty.o)
                0x00004abc                __sys_istty
 .text.__sys_remove
                0x00004ac2        0x6 C:/nxp/MCUXpressoIDE_25.6.136/ide/plugins/com.nxp.mcuxpresso.tools.win32_25.6.0.202501151204/tools/bin/../lib/gcc/arm-none-eabi/14.2.1/../../../../arm-none-eabi/lib/thumb/v8-m.main+fp/hard\libcr_nohost_nf.a(__sys_remove.o)
                0x00004ac2                __sys_remove
 .text.__sys_seek
                0x00004ac8        0x6 C:/nxp/MCUXpressoIDE_25.6.136/ide/plugins/com.nxp.mcuxpresso.tools.win32_25.6.0.202501151204/tools/bin/../lib/gcc/arm-none-eabi/14.2.1/../../../../arm-none-eabi/lib/thumb/v8-m.main+fp/hard\libcr_nohost_nf.a(__sys_seek.o)
                0x00004ac8                __sys_seek
 .text.__sys_tmpnam
                0x00004ace        0x6 C:/nxp/MCUXpressoIDE_25.6.136/ide/plugins/com.nxp.mcuxpresso.tools.win32_25.6.0.202501151204/tools/bin/../lib/gcc/arm-none-eabi/14.2.1/../../../../arm-none-eabi/lib/thumb/v8-m.main+fp/hard\libcr_nohost_nf.a(__sys_tmpnam.o)
                0x00004ace                __sys_tmpnam
 .text.__sys_write
                0x00004ad4        0x4 C:/nxp/MCUXpressoIDE_25.6.136/ide/plugins/com.nxp.mcuxpresso.tools.win32_25.6.0.202501151204/tools/bin/../lib/gcc/arm-none-eabi/14.2.1/../../../../arm-none-eabi/lib/thumb/v8-m.main+fp/hard\libcr_nohost_nf.a(__sys_write.o)
                0x00004ad4                __sys_write
 *(SORT_BY_ALIGNMENT(.rodata) SORT_BY_ALIGNMENT(.rodata.*) SORT_BY_ALIGNMENT(.constdata) SORT_BY_ALIGNMENT(.constdata.*))
 .rodata.__assertion_failed.str1.4
                0x00004ad8      0x5f4 ./utilities/fsl_assert.o
                                 0x14 (size before relaxing)
 .rodata.SDK_DelayAtLeastUs.str1.4
                0x000050cc       0x2b ./drivers/fsl_common_arm.o
 .rodata.s_ctimerBases
                0x000050cc       0x14 ./drivers/fsl_ctimer.o
 .rodata.s_ctimerClocks
                0x000050e0        0xa ./drivers/fsl_ctimer.o
 *fill*         0x000050ea        0x2 ff
 .rodata.s_ctimerResets
                0x000050ec       0x14 ./drivers/fsl_ctimer.o
 .rodata.s_ctimerIRQ
                0x00005100        0xa ./drivers/fsl_ctimer.o
 .rodata.CTIMER_GetInstance.str1.4
                0x0000510a       0x2e ./drivers/fsl_ctimer.o
 .rodata.CTIMER_Init.str1.4
                0x0000510a       0x21 ./drivers/fsl_ctimer.o
 .rodata.CTIMER_GetDefaultConfig.str1.4
                0x0000510a       0x22 ./drivers/fsl_ctimer.o
 *fill*         0x0000510a        0x2 ff
 .rodata.s_gpioBases
                0x0000510c       0x30 ./drivers/fsl_gpio.o
 .rodata.s_gpioClockName
                0x0000513c        0xc ./drivers/fsl_gpio.o
 .rodata.GPIO_GetInstance.str1.4
                0x00005148       0x34 ./drivers/fsl_gpio.o
 .rodata.GPIO_PortClockEnable.str1.4
                0x00005148       0x38 ./drivers/fsl_gpio.o
 .rodata.GPIO_PinInit.str1.4
                0x00005148       0x20 ./drivers/fsl_gpio.o
 .rodata.s_lpflexcommBase
                0x00005148       0x28 ./drivers/fsl_lpflexcomm.o
 .rodata.s_lpflexcommClocks
                0x00005170       0x14 ./drivers/fsl_lpflexcomm.o
 .rodata.s_lpflexcommResets
                0x00005184       0x28 ./drivers/fsl_lpflexcomm.o
 .rodata.LP_FLEXCOMM_SetPeriph.str1.4
                0x000051ac       0x43 ./drivers/fsl_lpflexcomm.o
 .rodata.LP_FLEXCOMM_Init.str1.4
                0x000051ac       0x49 ./drivers/fsl_lpflexcomm.o
 .rodata.s_lpuartBases
                0x000051ac       0x28 ./drivers/fsl_lpuart.o
 .rodata.LPUART_GetInstance.str1.4
                0x000051d4       0x38 ./drivers/fsl_lpuart.o
 .rodata.LPUART_Init.str1.4
                0x000051d4      0x10a ./drivers/fsl_lpuart.o
 .rodata.LPUART_GetDefaultConfig.str1.4
                0x000051d4       0x22 ./drivers/fsl_lpuart.o
 .rodata.LPUART_WriteBlocking.str1.4
                0x000051d4       0x21 ./drivers/fsl_lpuart.o
 .rodata.RESET_SetPeripheralReset.str1.4
                0x000051d4       0x1e ./drivers/fsl_reset.o
 .rodata.RESET_ClearPeripheralReset.str1.4
                0x000051d4       0x1e ./drivers/fsl_reset.o
 .rodata.SPC_SetSRAMOperateVoltage.str1.4
                0x000051d4       0x1f ./drivers/fsl_spc.o
 .rodata.SPC_SetActiveModeCoreLDORegulatorConfig.str1.4
                0x000051d4       0x1f ./drivers/fsl_spc.o
 .rodata.SPC_SetActiveModeDCDCRegulatorConfig.str1.4
                0x000051d4       0x20 ./drivers/fsl_spc.o
 .rodata.s_LpuartAdapterBase
                0x000051d4       0x28 ./component/uart/fsl_adapter_lpuart.o
 .rodata.HAL_UartInit.str1.4
                0x000051fc      0x116 ./component/uart/fsl_adapter_lpuart.o
 .rodata.HAL_UartSendBlocking.str1.4
                0x000051fc       0x7b ./component/uart/fsl_adapter_lpuart.o
 .rodata        0x000051fc        0xa ./board/clock_config.o
 .rodata.PORT_SetPinConfig.str1.4
                0x00005206       0x60 ./board/pin_mux.o
 *fill*         0x00005206        0x2 ff
 .rodata.__num_Ciob_streams
                0x00005208        0x4 C:/nxp/MCUXpressoIDE_25.6.136/ide/plugins/com.nxp.mcuxpresso.tools.win32_25.6.0.202501151204/tools/bin/../lib/gcc/arm-none-eabi/14.2.1/../../../../arm-none-eabi/lib/thumb/v8-m.main+fp/hard\libcr_nohost_nf.a(__ciob.o)
                0x00005208                __num_Ciob_streams
 .rodata._initio.str1.1
                0x0000520c        0x4 C:/nxp/MCUXpressoIDE_25.6.136/ide/plugins/com.nxp.mcuxpresso.tools.win32_25.6.0.202501151204/tools/bin/../lib/gcc/arm-none-eabi/14.2.1/../../../../arm-none-eabi/lib/thumb/v8-m.main+fp/hard\libcr_c.a(initio.o)
                0x00005210                        . = ALIGN (0x4)

.glue_7         0x00005210        0x0
 .glue_7        0x00005210        0x0 linker stubs

.glue_7t        0x00005210        0x0
 .glue_7t       0x00005210        0x0 linker stubs

.vfp11_veneer   0x00005210        0x0
 .vfp11_veneer  0x00005210        0x0 linker stubs

.v4_bx          0x00005210        0x0
 .v4_bx         0x00005210        0x0 linker stubs

.iplt           0x00005210        0x0
 .iplt          0x00005210        0x0 ./utilities/str/fsl_str.o

.rel.dyn        0x00005210        0x0
 .rel.iplt      0x00005210        0x0 ./utilities/str/fsl_str.o

.ARM.extab
 *(SORT_BY_ALIGNMENT(.ARM.extab*) SORT_BY_ALIGNMENT(.gnu.linkonce.armextab.*))

.ARM.exidx      0x00005210        0x0
                0x00005210                        __exidx_start = .
 *(SORT_BY_ALIGNMENT(.ARM.exidx*) SORT_BY_ALIGNMENT(.gnu.linkonce.armexidx.*))
                0x00005210                        __exidx_end = .
                0x00005210                        _etext = .

.m_usb_data
 *(SORT_BY_ALIGNMENT(m_usb_global))

.data_RAM2      0x04000000        0x0 load address 0x00005210
 FILL mask 0xff
                [!provide]                        PROVIDE (__start_data_RAM2 = .)
                [!provide]                        PROVIDE (__start_data_SRAMX = .)
 *(SORT_BY_ALIGNMENT(.ramfunc.$RAM2))
 *(SORT_BY_ALIGNMENT(.ramfunc.$SRAMX))
 *(SORT_BY_ALIGNMENT(.data.$RAM2))
 *(SORT_BY_ALIGNMENT(.data.$SRAMX))
 *(SORT_BY_ALIGNMENT(.data.$RAM2.*))
 *(SORT_BY_ALIGNMENT(.data.$SRAMX.*))
                0x04000000                        . = ALIGN (0x4)
                [!provide]                        PROVIDE (__end_data_RAM2 = .)
                [!provide]                        PROVIDE (__end_data_SRAMX = .)

.data_RAM3      0x20060000        0x0 load address 0x00005210
 FILL mask 0xff
                [!provide]                        PROVIDE (__start_data_RAM3 = .)
                [!provide]                        PROVIDE (__start_data_SRAMH = .)
 *(SORT_BY_ALIGNMENT(.ramfunc.$RAM3))
 *(SORT_BY_ALIGNMENT(.ramfunc.$SRAMH))
 *(SORT_BY_ALIGNMENT(.data.$RAM3))
 *(SORT_BY_ALIGNMENT(.data.$SRAMH))
 *(SORT_BY_ALIGNMENT(.data.$RAM3.*))
 *(SORT_BY_ALIGNMENT(.data.$SRAMH.*))
                0x20060000                        . = ALIGN (0x4)
                [!provide]                        PROVIDE (__end_data_RAM3 = .)
                [!provide]                        PROVIDE (__end_data_SRAMH = .)

.data_RAM4      0x400ba000        0x0 load address 0x00005210
 FILL mask 0xff
                [!provide]                        PROVIDE (__start_data_RAM4 = .)
                [!provide]                        PROVIDE (__start_data_USB_RAM = .)
 *(SORT_BY_ALIGNMENT(.ramfunc.$RAM4))
 *(SORT_BY_ALIGNMENT(.ramfunc.$USB_RAM))
 *(SORT_BY_ALIGNMENT(.data.$RAM4))
 *(SORT_BY_ALIGNMENT(.data.$USB_RAM))
 *(SORT_BY_ALIGNMENT(.data.$RAM4.*))
 *(SORT_BY_ALIGNMENT(.data.$USB_RAM.*))
                0x400ba000                        . = ALIGN (0x4)
                [!provide]                        PROVIDE (__end_data_RAM4 = .)
                [!provide]                        PROVIDE (__end_data_USB_RAM = .)

.uninit_RESERVED
                0x20000000        0x0
                0x20000000                        _start_uninit_RESERVED = .
 *(SORT_BY_ALIGNMENT(.bss.$RESERVED*))
                0x20000000                        . = ALIGN (0x4)
                0x20000000                        _end_uninit_RESERVED = .

.data           0x20000000       0x14 load address 0x00005210
 FILL mask 0xff
                0x20000000                        _data = .
                [!provide]                        PROVIDE (__start_data_RAM = .)
                [!provide]                        PROVIDE (__start_data_SRAM = .)
 *(SORT_BY_ALIGNMENT(vtable))
 *(SORT_BY_ALIGNMENT(.ramfunc*))
 *(SORT_BY_ALIGNMENT(CodeQuickAccess))
 *(SORT_BY_ALIGNMENT(DataQuickAccess))
 *(SORT_BY_ALIGNMENT(RamFunction))
 *(SORT_BY_ALIGNMENT(.data*))
 .data.bit_ticks
                0x20000000        0x4 ./source/New_OSEK.o
                0x20000000                bit_ticks
 .data.s_Ext_Clk_Freq
                0x20000004        0x4 ./drivers/fsl_clock.o
 .data.s_Xtal32_Freq
                0x20000008        0x4 ./drivers/fsl_clock.o
 .data.SystemCoreClock
                0x2000000c        0x4 ./device/system_MCXN947_cm33_core0.o
                0x2000000c                SystemCoreClock
 .data.received_data_1
                0x20000010        0x1 ./source/New_OSEK.o
                0x20000010                received_data_1
 .data.received_data_2
                0x20000011        0x1 ./source/New_OSEK.o
                0x20000011                received_data_2
 .data.received_data_3
                0x20000012        0x1 ./source/New_OSEK.o
                0x20000012                received_data_3
 .data.num_tasks_configured
                0x20000013        0x1 ./source/os.o
                0x20000013                num_tasks_configured
                0x20000014                        . = ALIGN (0x4)
                0x20000014                        _edata = .
                [!provide]                        PROVIDE (__end_data_RAM = .)
                [!provide]                        PROVIDE (__end_data_SRAM = .)

.igot.plt       0x20000014        0x0 load address 0x00005224
 .igot.plt      0x20000014        0x0 ./utilities/str/fsl_str.o

.bss_RAM2       0x04000000        0x0
                [!provide]                        PROVIDE (__start_bss_RAM2 = .)
                [!provide]                        PROVIDE (__start_bss_SRAMX = .)
 *(SORT_BY_ALIGNMENT(.bss.$RAM2))
 *(SORT_BY_ALIGNMENT(.bss.$SRAMX))
 *(SORT_BY_ALIGNMENT(.bss.$RAM2.*))
 *(SORT_BY_ALIGNMENT(.bss.$SRAMX.*))
                0x04000000                        . = ALIGN ((. != 0x0)?0x4:0x1)
                [!provide]                        PROVIDE (__end_bss_RAM2 = .)
                [!provide]                        PROVIDE (__end_bss_SRAMX = .)

.bss_RAM3       0x20060000        0x0
                [!provide]                        PROVIDE (__start_bss_RAM3 = .)
                [!provide]                        PROVIDE (__start_bss_SRAMH = .)
 *(SORT_BY_ALIGNMENT(.bss.$RAM3))
 *(SORT_BY_ALIGNMENT(.bss.$SRAMH))
 *(SORT_BY_ALIGNMENT(.bss.$RAM3.*))
 *(SORT_BY_ALIGNMENT(.bss.$SRAMH.*))
                0x20060000                        . = ALIGN ((. != 0x0)?0x4:0x1)
                [!provide]                        PROVIDE (__end_bss_RAM3 = .)
                [!provide]                        PROVIDE (__end_bss_SRAMH = .)

.bss_RAM4       0x400ba000        0x0
                [!provide]                        PROVIDE (__start_bss_RAM4 = .)
                [!provide]                        PROVIDE (__start_bss_USB_RAM = .)
 *(SORT_BY_ALIGNMENT(.bss.$RAM4))
 *(SORT_BY_ALIGNMENT(.bss.$USB_RAM))
 *(SORT_BY_ALIGNMENT(.bss.$RAM4.*))
 *(SORT_BY_ALIGNMENT(.bss.$USB_RAM.*))
                0x400ba000                        . = ALIGN ((. != 0x0)?0x4:0x1)
                [!provide]                        PROVIDE (__end_bss_RAM4 = .)
                [!provide]                        PROVIDE (__end_bss_USB_RAM = .)

.bss            0x20000014      0x2f4
                0x20000014                        _bss = .
                [!provide]                        PROVIDE (__start_bss_RAM = .)
                [!provide]                        PROVIDE (__start_bss_SRAM = .)
 *(SORT_BY_ALIGNMENT(.bss*))
 .bss.s_debugConsoleState
                0x20000014       0x20 ./utilities/debug_console/fsl_debug_console.o
 .bss.g_serialHandle
                0x20000034        0x4 ./utilities/debug_console/fsl_debug_console.o
                0x20000034                g_serialHandle
 .bss.uart1_state
                0x20000038        0x2 ./source/New_OSEK.o
                0x20000038                uart1_state
 *fill*         0x2000003a        0x2 
 .bss.uart2_state
                0x2000003c        0x2 ./source/New_OSEK.o
                0x2000003c                uart2_state
 *fill*         0x2000003e        0x2 
 .bss.task_arr  0x20000040       0xa0 ./source/os.o
                0x20000040                task_arr
 .bss.idle      0x200000e0        0x4 ./source/os.o
                0x200000e0                idle
 .bss.temp      0x200000e4        0x4 ./source/os.o
                0x200000e4                temp
 .bss.temp_sp   0x200000e8        0x4 ./source/os.o
                0x200000e8                temp_sp
 .bss.s_ctimerCallback
                0x200000ec       0x14 ./drivers/fsl_ctimer.o
 .bss.ctimerCallbackType
                0x20000100        0x5 ./drivers/fsl_ctimer.o
 *fill*         0x20000105        0x3 
 .bss.s_lpflexcommIrqHandler
                0x20000108       0xa0 ./drivers/fsl_lpflexcomm.o
 .bss.s_lpflexcommHandle
                0x200001a8       0xa0 ./drivers/fsl_lpflexcomm.o
 .bss.errno     0x20000248        0x4 C:/nxp/MCUXpressoIDE_25.6.136/ide/plugins/com.nxp.mcuxpresso.tools.win32_25.6.0.202501151204/tools/bin/../lib/gcc/arm-none-eabi/14.2.1/../../../../arm-none-eabi/lib/thumb/v8-m.main+fp/hard\libcr_c.a(errno.o)
                0x20000248                errno
 .bss.__Ciob    0x2000024c       0xb4 C:/nxp/MCUXpressoIDE_25.6.136/ide/plugins/com.nxp.mcuxpresso.tools.win32_25.6.0.202501151204/tools/bin/../lib/gcc/arm-none-eabi/14.2.1/../../../../arm-none-eabi/lib/thumb/v8-m.main+fp/hard\libcr_nohost_nf.a(__ciob.o)
                0x2000024c                __Ciob
 .bss.s_debugConsoleReadWaitSemaphore
                0x20000300        0x1 ./utilities/debug_console/fsl_debug_console.o
 .bss.rx_byte_uart1
                0x20000301        0x1 ./source/New_OSEK.o
                0x20000301                rx_byte_uart1
 .bss.rx_byte_uart2
                0x20000302        0x1 ./source/New_OSEK.o
                0x20000302                rx_byte_uart2
 .bss.current_task_id
                0x20000303        0x1 ./source/os.o
                0x20000303                current_task_id
 .bss.interrupt_active
                0x20000304        0x1 ./source/os.o
                0x20000304                interrupt_active
 .bss.td_flag   0x20000305        0x1 ./source/os.o
                0x20000305                td_flag
 *(SORT_BY_ALIGNMENT(COMMON))
                0x20000308                        . = ALIGN (0x4)
 *fill*         0x20000306        0x2 
                0x20000308                        _ebss = .
                [!provide]                        PROVIDE (__end_bss_RAM = .)
                [!provide]                        PROVIDE (__end_bss_SRAM = .)
                [!provide]                        PROVIDE (end = .)

.noinit_RAM2    0x04000000        0x0
                [!provide]                        PROVIDE (__start_noinit_RAM2 = .)
                [!provide]                        PROVIDE (__start_noinit_SRAMX = .)
 *(SORT_BY_ALIGNMENT(.noinit.$RAM2))
 *(SORT_BY_ALIGNMENT(.noinit.$SRAMX))
 *(SORT_BY_ALIGNMENT(.noinit.$RAM2.*))
 *(SORT_BY_ALIGNMENT(.noinit.$SRAMX.*))
                0x04000000                        . = ALIGN (0x4)
                [!provide]                        PROVIDE (__end_noinit_RAM2 = .)
                [!provide]                        PROVIDE (__end_noinit_SRAMX = .)

.noinit_RAM3    0x20060000        0x0
                [!provide]                        PROVIDE (__start_noinit_RAM3 = .)
                [!provide]                        PROVIDE (__start_noinit_SRAMH = .)
 *(SORT_BY_ALIGNMENT(.noinit.$RAM3))
 *(SORT_BY_ALIGNMENT(.noinit.$SRAMH))
 *(SORT_BY_ALIGNMENT(.noinit.$RAM3.*))
 *(SORT_BY_ALIGNMENT(.noinit.$SRAMH.*))
                0x20060000                        . = ALIGN (0x4)
                [!provide]                        PROVIDE (__end_noinit_RAM3 = .)
                [!provide]                        PROVIDE (__end_noinit_SRAMH = .)

.noinit_RAM4    0x400ba000        0x0
                [!provide]                        PROVIDE (__start_noinit_RAM4 = .)
                [!provide]                        PROVIDE (__start_noinit_USB_RAM = .)
 *(SORT_BY_ALIGNMENT(.noinit.$RAM4))
 *(SORT_BY_ALIGNMENT(.noinit.$USB_RAM))
 *(SORT_BY_ALIGNMENT(.noinit.$RAM4.*))
 *(SORT_BY_ALIGNMENT(.noinit.$USB_RAM.*))
                0x400ba000                        . = ALIGN (0x4)
                [!provide]                        PROVIDE (__end_noinit_RAM4 = .)
                [!provide]                        PROVIDE (__end_noinit_USB_RAM = .)

.noinit         0x20000308        0x0
                0x20000308                        _noinit = .
                [!provide]                        PROVIDE (__start_noinit_RAM = .)
                [!provide]                        PROVIDE (__start_noinit_SRAM = .)
 *(SORT_BY_ALIGNMENT(.noinit*))
                0x20000308                        . = ALIGN (0x4)
                0x20000308                        _end_noinit = .
                [!provide]                        PROVIDE (__end_noinit_RAM = .)
                [!provide]                        PROVIDE (__end_noinit_SRAM = .)
                0x00001000                        _HeapSize = 0x1000

.heap           0x20000308     0x1000
                0x20000308                        _pvHeapStart = .
                0x20001308                        . = (. + _HeapSize)
 *fill*         0x20000308     0x1000 
                0x20001308                        . = ALIGN (0x4)
                0x20001308                        _pvHeapLimit = .
                0x00001000                        _StackSize = 0x1000

.heap2stackfill
                0x20001308     0x1000
                0x20002308                        . = (. + _StackSize)
 *fill*         0x20001308     0x1000 

.stack          0x2005f000        0x0
                0x2005f000                        _vStackBase = .
                0x2005f000                        . = ALIGN (0x4)
                0x20060000                        _vStackTop = (. + _StackSize)
                0x00000000                        _image_start = LOADADDR (.text)
                0x00005224                        _image_end = (LOADADDR (.data) + SIZEOF (.data))
                0x00005224                        _image_size = (_image_end - _image_start)
OUTPUT(New_OSEK.axf elf32-littlearm)
LOAD linker stubs

.debug_info     0x00000000    0x3b116
 .debug_info    0x00000000      0xd5d ./utilities/str/fsl_str.o
 .debug_info    0x00000d5d      0xe57 ./utilities/debug_console/fsl_debug_console.o
 .debug_info    0x00001bb4      0x1c9 ./utilities/fsl_assert.o
 .debug_info    0x00001d7d     0x14b6 ./startup/startup_mcxn947_cm33_core0.o
 .debug_info    0x00003233     0x36c1 ./source/New_OSEK.o
 .debug_info    0x000068f4      0x822 ./source/os.o
 .debug_info    0x00007116       0x3c ./source/semihost_hardfault.o
 .debug_info    0x00007152     0x5211 ./drivers/fsl_clock.o
 .debug_info    0x0000c363      0x38b ./drivers/fsl_common_arm.o
 .debug_info    0x0000c6ee     0x2a68 ./drivers/fsl_ctimer.o
 .debug_info    0x0000f156     0x1c50 ./drivers/fsl_gpio.o
 .debug_info    0x00010da6     0xbc78 ./drivers/fsl_inputmux.o
 .debug_info    0x0001ca1e     0x238b ./drivers/fsl_lpflexcomm.o
 .debug_info    0x0001eda9     0x241e ./drivers/fsl_lpuart.o
 .debug_info    0x000211c7     0x12e6 ./drivers/fsl_reset.o
 .debug_info    0x000224ad     0x1a73 ./drivers/fsl_spc.o
 .debug_info    0x00023f20     0x1970 ./device/system_MCXN947_cm33_core0.o
 .debug_info    0x00025890      0xe77 ./component/uart/fsl_adapter_lpuart.o
 .debug_info    0x00026707      0xdcb ./component/serial_manager/fsl_component_serial_manager.o
 .debug_info    0x000274d2      0x551 ./component/serial_manager/fsl_component_serial_port_uart.o
 .debug_info    0x00027a23     0x12e8 ./board/board.o
 .debug_info    0x00028d0b     0x2b30 ./board/clock_config.o
 .debug_info    0x0002b83b       0x3c ./board/peripherals.o
 .debug_info    0x0002b877     0xb2c4 ./board/pin_mux.o
 .debug_info    0x00036b3b       0x85 C:/nxp/MCUXpressoIDE_25.6.136/ide/plugins/com.nxp.mcuxpresso.tools.win32_25.6.0.202501151204/tools/bin/../lib/gcc/arm-none-eabi/14.2.1/../../../../arm-none-eabi/lib/thumb/v8-m.main+fp/hard\libcr_nohost_nf.a(_cr__main.o)
 .debug_info    0x00036bc0      0x12b C:/nxp/MCUXpressoIDE_25.6.136/ide/plugins/com.nxp.mcuxpresso.tools.win32_25.6.0.202501151204/tools/bin/../lib/gcc/arm-none-eabi/14.2.1/../../../../arm-none-eabi/lib/thumb/v8-m.main+fp/hard\libcr_c.a(memcpy.o)
 .debug_info    0x00036ceb       0xfc C:/nxp/MCUXpressoIDE_25.6.136/ide/plugins/com.nxp.mcuxpresso.tools.win32_25.6.0.202501151204/tools/bin/../lib/gcc/arm-none-eabi/14.2.1/../../../../arm-none-eabi/lib/thumb/v8-m.main+fp/hard\libcr_c.a(memset.o)
 .debug_info    0x00036de7      0x520 C:/nxp/MCUXpressoIDE_25.6.136/ide/plugins/com.nxp.mcuxpresso.tools.win32_25.6.0.202501151204/tools/bin/../lib/gcc/arm-none-eabi/14.2.1/../../../../arm-none-eabi/lib/thumb/v8-m.main+fp/hard\libcr_c.a(alloc.o)
 .debug_info    0x00037307       0x44 C:/nxp/MCUXpressoIDE_25.6.136/ide/plugins/com.nxp.mcuxpresso.tools.win32_25.6.0.202501151204/tools/bin/../lib/gcc/arm-none-eabi/14.2.1/../../../../arm-none-eabi/lib/thumb/v8-m.main+fp/hard\libcr_c.a(errno.o)
 .debug_info    0x0003734b      0x339 C:/nxp/MCUXpressoIDE_25.6.136/ide/plugins/com.nxp.mcuxpresso.tools.win32_25.6.0.202501151204/tools/bin/../lib/gcc/arm-none-eabi/14.2.1/../../../../arm-none-eabi/lib/thumb/v8-m.main+fp/hard\libcr_c.a(initio.o)
 .debug_info    0x00037684      0x1fd C:/nxp/MCUXpressoIDE_25.6.136/ide/plugins/com.nxp.mcuxpresso.tools.win32_25.6.0.202501151204/tools/bin/../lib/gcc/arm-none-eabi/14.2.1/../../../../arm-none-eabi/lib/thumb/v8-m.main+fp/hard\libcr_c.a(setvbuf.o)
 .debug_info    0x00037881       0xe1 C:/nxp/MCUXpressoIDE_25.6.136/ide/plugins/com.nxp.mcuxpresso.tools.win32_25.6.0.202501151204/tools/bin/../lib/gcc/arm-none-eabi/14.2.1/../../../../arm-none-eabi/lib/thumb/v8-m.main+fp/hard\libcr_c.a(strlen.o)