C:\Users\david\OneDrive\Documentos\Sistemas_Operativos\New_OSEK\CMSIS/core_cm33.h:2358:22:__NVIC_EnableIRQ	16	static
C:\Users\david\OneDrive\Documentos\Sistemas_Operativos\New_OSEK\CMSIS/core_cm33.h:2555:22:__NVIC_SetPriority	16	static
C:\Users\david\OneDrive\Documentos\Sistemas_Operativos\New_OSEK\CMSIS/core_cm33.h:3108:26:SysTick_Config	16	static
C:\Users\david\OneDrive\Documentos\Sistemas_Operativos\New_OSEK\drivers/fsl_clock.h:1492:20:CLOCK_EnableClock	24	static
C:\Users\david\OneDrive\Documentos\Sistemas_Operativos\New_OSEK\drivers/fsl_common_arm.h:678:24:EnableIRQ	24	static
C:\Users\david\OneDrive\Documentos\Sistemas_Operativos\New_OSEK\drivers/fsl_gpio.h:374:20:GPIO_PortSet	16	static
C:\Users\david\OneDrive\Documentos\Sistemas_Operativos\New_OSEK\drivers/fsl_gpio.h:389:20:GPIO_PortClear	16	static
C:\Users\david\OneDrive\Documentos\Sistemas_Operativos\New_OSEK\drivers/fsl_gpio.h:427:24:GPIO_PinRead	16	static
C:\Users\david\OneDrive\Documentos\Sistemas_Operativos\New_OSEK\drivers/fsl_ctimer.h:488:24:CTIMER_GetStatusFlags	16	static
C:\Users\david\OneDrive\Documentos\Sistemas_Operativos\New_OSEK\drivers/fsl_ctimer.h:500:20:CTIMER_ClearStatusFlags	16	static
C:\Users\david\OneDrive\Documentos\Sistemas_Operativos\New_OSEK\drivers/fsl_ctimer.h:517:20:CTIMER_StartTimer	16	static
../source/New_OSEK.c:64:6:BOARD_InitHardware	8	static
../source/New_OSEK.c:91:6:delay	8	static
../source/New_OSEK.c:97:6:Init_UART1_Timer	32	static
../source/New_OSEK.c:123:6:Init_UART2_Timer	32	static
../source/New_OSEK.c:149:6:CTIMER0_IRQHandler	24	static
../source/New_OSEK.c:187:6:CTIMER1_IRQHandler	24	static
../source/New_OSEK.c:226:5:main	16	static
../source/New_OSEK.c:254:6:task_UART1	8	static
../source/New_OSEK.c:261:6:task_UART2	8	static
../source/New_OSEK.c:266:6:task_UART3	8	static
../source/New_OSEK.c:273:6:task_PWM1	8	static
../source/New_OSEK.c:282:6:task_PWM2	8	static
../source/New_OSEK.c:291:6:task_PWM3	8	static
../source/New_OSEK.c:299:6:task_ISR_TMR	8	static
