../source/os.c:23:6:scheduler	16	static
../source/os.c:64:6:os_init	16	static
../source/os.c:81:29:task_delay	0	static
../source/os.c:91:6:task_delay_savedctxt	16	static
../source/os.c:99:6:SysTick_Handler	16	static
../source/os.c:116:4:activate_task	16	static
../source/os.c:132:4:activate_task_ISR	16	static
../source/os.c:145:6:terminate_task	8	static
../source/os.c:149:6:terminate_task_ISR	8	static
../source/os.c:154:6:chain_task	16	static
../source/os.c:163:6:task_config	4	static
../source/os.c:187:6:task_idle	8	static
