../source/os.c:23:6:scheduler	16	static
../source/os.c:64:6:os_init	16	static
../source/os.c:81:29:task_delay	0	static
../source/os.c:91:6:task_delay_savedctxt	16	static
../source/os.c:99:6:SysTick_Handler	16	static
../source/os.c:117:6:sem_init	16	static
../source/os.c:122:6:sem_wait	16	static
../source/os.c:139:6:sem_signal	24	static
../source/os.c:150:4:activate_task	16	static
../source/os.c:166:4:activate_task_ISR	16	static
../source/os.c:179:6:terminate_task	8	static
../source/os.c:183:6:terminate_task_ISR	8	static
../source/os.c:188:6:chain_task	16	static
../source/os.c:197:6:task_config	4	static
../source/os.c:235:6:task_idle	8	static
